<html>
<body>
<pre>
<h1>µVision Build Log</h1>
<h2>Project:</h2>
C:\ABT-2\ABT_project1\tonghop\MDK-ARM\tonghop.uvprojx
Project File Date:  04/09/2024

<h2>Output:</h2>
Build target 'tonghop'
assembling startup_stm32f103xb.s...
compiling flash.c...
compiling i2c-lcd.c...
compiling main.c...
../Core/Src/main.c(49): warning:  #223-D: function "lcd_put_cur" declared implicitly
        lcd_put_cur(a,b);
../Core/Src/main.c(218): warning:  #188-D: enumerated type mixed with another type
                        HAL_GPIO_WritePin(GPIOB, row_pins[row], 0);
../Core/Src/main.c(294): warning:  #188-D: enumerated type mixed with another type
                HAL_GPIO_WritePin(GPIOC,GPIO_PIN_13,1);
../Core/Src/main.c(326): warning:  #188-D: enumerated type mixed with another type
                        HAL_GPIO_WritePin(GPIOC,GPIO_PIN_13,0);
../Core/Src/main.c(425): warning:  #940-D: missing return statement at end of non-void function "num_adc"
  }
../Core/Src/main.c(438): warning:  #223-D: function "lcd_put_cur" declared implicitly
        lcd_put_cur(0,0);
../Core/Src/main.c(442): warning:  #223-D: function "lcd_send_string" declared implicitly
  lcd_send_string ("chuky");
../Core/Src/main.c(460): warning:  #223-D: function "lcd_clear" declared implicitly
                        lcd_clear ();
../Core/Src/main.c(472): warning:  #174-D: expression has no effect
        data ;
../Core/Src/main.c(480): warning:  #223-D: function "lcd_clear" declared implicitly
        lcd_clear(); 
../Core/Src/main.c(661): warning:  #223-D: function "Flash_Write_Uint" declared implicitly
                        Flash_Write_Uint(data_flash, flash_length);
../Core/Src/main.c(667): warning:  #223-D: function "Flash_Write_Array_16bit" declared implicitly
                        Flash_Write_Array_16bit(&flash_write_N[0],ris_temp, data_flash);
../Core/Src/main.c(431): warning:  #177-D: variable "a" was declared but never referenced
        uint8_t a=0, i=0,b=0;           
../Core/Src/main.c(431): warning:  #177-D: variable "i" was declared but never referenced
        uint8_t a=0, i=0,b=0;           
../Core/Src/main.c(431): warning:  #177-D: variable "b" was declared but never referenced
        uint8_t a=0, i=0,b=0;           
../Core/Src/main.c(439): warning:  #177-D: variable "_ch" was declared but never referenced
  bool _ch = true;
../Core/Src/main.c(498): warning:  #550-D: variable "check_N" was set but never used
        bool check_N = false, check_T = false;
../Core/Src/main.c(498): warning:  #177-D: variable "check_T" was declared but never referenced
        bool check_N = false, check_T = false;
../Core/Src/main.c(710): warning:  #223-D: function "Flash_Read_Uint" declared implicitly
                        uint16_t num_arr_read = Flash_Read_Uint(        flash_length );
../Core/Src/main.c(711): warning:  #223-D: function "lcd_clear" declared implicitly
                        lcd_clear();
../Core/Src/main.c(714): warning:  #223-D: function "lcd_send_string" declared implicitly
                        lcd_send_string (buf);
../Core/Src/main.c(723): warning:  #223-D: function "Flash_Read_Array_16bit" declared implicitly
                        Flash_Read_Array_16bit(arr_flash_temp ,ris_temp, num_arr_read);
../Core/Src/main.c(746): warning:  #223-D: function "lcd_put_cur" declared implicitly
                        lcd_put_cur(0,0);
../Core/Src/main.c(754): warning:  #188-D: enumerated type mixed with another type
                                                        HAL_GPIO_WritePin(GPIOA, GPIO_PIN_4, 1);
../Core/Src/main.c(755): warning:  #188-D: enumerated type mixed with another type
                                                        HAL_GPIO_WritePin(GPIOA , GPIO_PIN_5,1);                        
../Core/Src/main.c(782): warning:  #188-D: enumerated type mixed with another type
                                                        HAL_GPIO_WritePin(GPIOB, GPIO_PIN_0, 0);
../Core/Src/main.c(783): warning:  #188-D: enumerated type mixed with another type
                                                        HAL_GPIO_WritePin(GPIOB , GPIO_PIN_1,0);
../Core/Src/main.c(800): warning:  #188-D: enumerated type mixed with another type
                                                                HAL_GPIO_WritePin(GPIOB, GPIO_PIN_0, 1);
../Core/Src/main.c(801): warning:  #188-D: enumerated type mixed with another type
                                                                HAL_GPIO_WritePin(GPIOB , GPIO_PIN_1,0);
../Core/Src/main.c(807): warning:  #188-D: enumerated type mixed with another type
                                                                HAL_GPIO_WritePin(GPIOB, GPIO_PIN_0, 0);
../Core/Src/main.c(808): warning:  #188-D: enumerated type mixed with another type
                                                                HAL_GPIO_WritePin(GPIOB , GPIO_PIN_1,1);
../Core/Src/main.c(830): warning:  #188-D: enumerated type mixed with another type
                                                        HAL_GPIO_WritePin(GPIOB, GPIO_PIN_0, 0);
../Core/Src/main.c(831): warning:  #188-D: enumerated type mixed with another type
                                                        HAL_GPIO_WritePin(GPIOB , GPIO_PIN_1,0);
../Core/Src/main.c(860): warning:  #188-D: enumerated type mixed with another type
                                        HAL_GPIO_WritePin(GPIOB, GPIO_PIN_0, 1);
../Core/Src/main.c(861): warning:  #188-D: enumerated type mixed with another type
                                        HAL_GPIO_WritePin(GPIOB , GPIO_PIN_1,0);
../Core/Src/main.c(869): warning:  #188-D: enumerated type mixed with another type
                                        HAL_GPIO_WritePin(GPIOB, GPIO_PIN_0, 0);
../Core/Src/main.c(870): warning:  #188-D: enumerated type mixed with another type
                                        HAL_GPIO_WritePin(GPIOB , GPIO_PIN_1,1);
../Core/Src/main.c(750): warning:  #177-D: variable "t" was declared but never referenced
                                                        uint16_t check_temp =1,t=80,c=80;
../Core/Src/main.c(750): warning:  #177-D: variable "c" was declared but never referenced
                                                        uint16_t check_temp =1,t=80,c=80;
../Core/Src/main.c(752): warning:  #177-D: variable "flash_start" was declared but never referenced
                                                        uint8_t flash_start =0;
../Core/Src/main.c(1020): warning:  #223-D: function "lcd_init" declared implicitly
  lcd_init ();
../Core/Src/main.c(1033): warning:  #223-D: function "lcd_send_string" declared implicitly
                        lcd_send_string ("0");
../Core/Src/main.c(1040): warning:  #188-D: enumerated type mixed with another type
                                                        HAL_GPIO_WritePin(GPIOB, GPIO_PIN_0, 0);
../Core/Src/main.c(1041): warning:  #188-D: enumerated type mixed with another type
                                                        HAL_GPIO_WritePin(GPIOB , GPIO_PIN_1,0);
../Core/Src/main.c(1048): warning:  #188-D: enumerated type mixed with another type
                                                        HAL_GPIO_WritePin(GPIOA, GPIO_PIN_4, 0);
../Core/Src/main.c(1049): warning:  #188-D: enumerated type mixed with another type
                                                        HAL_GPIO_WritePin(GPIOA , GPIO_PIN_5,0);
../Core/Src/main.c(1064): warning:  #223-D: function "lcd_put_cur" declared implicitly
                        lcd_put_cur(0,0);
../Core/Src/main.c(1085): warning:  #223-D: function "lcd_clear" declared implicitly
                                        lcd_clear ();
../Core/Src/main.c(1089): warning:  #223-D: function "lcd_clear" declared implicitly
                                                lcd_clear ();
../Core/Src/main.c(127): warning:  #177-D: function "MX_DMA_Init" was declared but never referenced
  static void MX_DMA_Init(void);
../Core/Src/main.c: 50 warnings, 0 errors
compiling stm32f1xx_it.c...
compiling stm32f1xx_hal_msp.c...
compiling stm32f1xx_hal_gpio_ex.c...
compiling stm32f1xx_hal_adc.c...
compiling stm32f1xx_hal_adc_ex.c...
compiling stm32f1xx_hal.c...
compiling stm32f1xx_hal_rcc.c...
compiling stm32f1xx_hal_rcc_ex.c...
compiling stm32f1xx_hal_gpio.c...
compiling stm32f1xx_hal_dma.c...
compiling stm32f1xx_hal_cortex.c...
compiling stm32f1xx_hal_pwr.c...
compiling stm32f1xx_hal_flash.c...
compiling stm32f1xx_hal_flash_ex.c...
compiling stm32f1xx_hal_exti.c...
compiling stm32f1xx_hal_i2c.c...
compiling stm32f1xx_hal_spi.c...
compiling stm32f1xx_hal_tim.c...
compiling stm32f1xx_hal_tim_ex.c...
compiling system_stm32f1xx.c...
linking...
Program Size: Code=17692 RO-data=324 RW-data=56 ZI-data=1984  
FromELF: creating hex file...
"tonghop\tonghop.axf" - 0 Error(s), 50 Warning(s).

<h2>Software Packages used:</h2>

Package Vendor: ARM
                http://www.keil.com/pack/ARM.CMSIS.4.1.0.pack
                ARM::CMSIS:CORE:3.30.0
                CMSIS (Cortex Microcontroller Software Interface Standard)
   * Component: CORE Version: 3.30.0

<h2>Collection of Component include folders:</h2>
  C:\ABT-2\ABT_project1\tonghop\MDK-ARM\RTE
  C:\Keil_v5\ARM\PACK\ARM\CMSIS\4.1.0\CMSIS\Include

<h2>Collection of Component Files used:</h2>

   * Component: ARM::CMSIS:CORE:3.30.0
      Source file:   CMSIS\UserCodeTemplates\ARM\ITM_Retarget.c
