<html>
<body>
<pre>
<h1>µVision Build Log</h1>
<h2>Project:</h2>
C:\ABT-2\ABT_project1\New folder\ABT_project_1\tonghop2\MDK-ARM\tonghop.uvprojx
Project File Date:  04/10/2024

<h2>Output:</h2>
Rebuild target 'tonghop'
assembling startup_stm32f103xb.s...
compiling flash.c...
compiling i2c-lcd.c...
compiling main.c...
../Core/Src/main.c(49): warning:  #223-D: function "lcd_put_cur" declared implicitly
        lcd_put_cur(a,b);
../Core/Src/main.c(218): warning:  #188-D: enumerated type mixed with another type
                        HAL_GPIO_WritePin(GPIOB, row_pins[row], 0);
../Core/Src/main.c(294): warning:  #188-D: enumerated type mixed with another type
                HAL_GPIO_WritePin(GPIOC,GPIO_PIN_13,1);
../Core/Src/main.c(326): warning:  #188-D: enumerated type mixed with another type
                        HAL_GPIO_WritePin(GPIOC,GPIO_PIN_13,0);
../Core/Src/main.c(425): warning:  #940-D: missing return statement at end of non-void function "num_adc"
  }
../Core/Src/main.c(438): warning:  #223-D: function "lcd_put_cur" declared implicitly
        lcd_put_cur(0,0);
../Core/Src/main.c(442): warning:  #223-D: function "lcd_send_string" declared implicitly
  lcd_send_string ("chuky");
../Core/Src/main.c(460): warning:  #223-D: function "lcd_clear" declared implicitly
                        lcd_clear ();
../Core/Src/main.c(472): warning:  #174-D: expression has no effect
        data ;
../Core/Src/main.c(480): warning:  #223-D: function "lcd_clear" declared implicitly
        lcd_clear(); 
../Core/Src/main.c(663): warning:  #223-D: function "Flash_Write_Uint" declared implicitly
                        Flash_Write_Uint(data_flash, flash_length);
../Core/Src/main.c(669): warning:  #223-D: function "Flash_Write_Array_16bit" declared implicitly
                        Flash_Write_Array_16bit(&flash_write_N[0],ris_temp, data_flash);
../Core/Src/main.c(431): warning:  #177-D: variable "a" was declared but never referenced
        uint8_t a=0, i=0,b=0;           
../Core/Src/main.c(431): warning:  #177-D: variable "i" was declared but never referenced
        uint8_t a=0, i=0,b=0;           
../Core/Src/main.c(431): warning:  #177-D: variable "b" was declared but never referenced
        uint8_t a=0, i=0,b=0;           
../Core/Src/main.c(439): warning:  #177-D: variable "_ch" was declared but never referenced
  bool _ch = true;
../Core/Src/main.c(498): warning:  #550-D: variable "check_N" was set but never used
        bool check_N = false, check_T = false;
../Core/Src/main.c(498): warning:  #177-D: variable "check_T" was declared but never referenced
        bool check_N = false, check_T = false;
../Core/Src/main.c(712): warning:  #223-D: function "Flash_Read_Uint" declared implicitly
                        uint16_t num_arr_read = Flash_Read_Uint(        flash_length );
../Core/Src/main.c(713): warning:  #223-D: function "lcd_clear" declared implicitly
                        lcd_clear();
../Core/Src/main.c(716): warning:  #223-D: function "lcd_send_string" declared implicitly
                        lcd_send_string (buf);
../Core/Src/main.c(725): warning:  #223-D: function "Flash_Read_Array_16bit" declared implicitly
                        Flash_Read_Array_16bit(arr_flash_temp ,ris_temp, num_arr_read);
../Core/Src/main.c(748): warning:  #223-D: function "lcd_put_cur" declared implicitly
                        lcd_put_cur(0,0);
../Core/Src/main.c(756): warning:  #188-D: enumerated type mixed with another type
                                                        HAL_GPIO_WritePin(GPIOA, GPIO_PIN_4, 1);
../Core/Src/main.c(757): warning:  #188-D: enumerated type mixed with another type
                                                        HAL_GPIO_WritePin(GPIOA , GPIO_PIN_5,1);                        
../Core/Src/main.c(784): warning:  #188-D: enumerated type mixed with another type
                                                        HAL_GPIO_WritePin(GPIOB, GPIO_PIN_0, 0);
../Core/Src/main.c(785): warning:  #188-D: enumerated type mixed with another type
                                                        HAL_GPIO_WritePin(GPIOB , GPIO_PIN_1,0);
../Core/Src/main.c(802): warning:  #188-D: enumerated type mixed with another type
                                                                HAL_GPIO_WritePin(GPIOB, GPIO_PIN_0, 1);
../Core/Src/main.c(803): warning:  #188-D: enumerated type mixed with another type
                                                                HAL_GPIO_WritePin(GPIOB , GPIO_PIN_1,0);
../Core/Src/main.c(809): warning:  #188-D: enumerated type mixed with another type
                                                                HAL_GPIO_WritePin(GPIOB, GPIO_PIN_0, 0);
../Core/Src/main.c(810): warning:  #188-D: enumerated type mixed with another type
                                                                HAL_GPIO_WritePin(GPIOB , GPIO_PIN_1,1);
../Core/Src/main.c(832): warning:  #188-D: enumerated type mixed with another type
                                                        HAL_GPIO_WritePin(GPIOB, GPIO_PIN_0, 0);
../Core/Src/main.c(833): warning:  #188-D: enumerated type mixed with another type
                                                        HAL_GPIO_WritePin(GPIOB , GPIO_PIN_1,0);
../Core/Src/main.c(862): warning:  #188-D: enumerated type mixed with another type
                                        HAL_GPIO_WritePin(GPIOB, GPIO_PIN_0, 1);
../Core/Src/main.c(863): warning:  #188-D: enumerated type mixed with another type
                                        HAL_GPIO_WritePin(GPIOB , GPIO_PIN_1,0);
../Core/Src/main.c(871): warning:  #188-D: enumerated type mixed with another type
                                        HAL_GPIO_WritePin(GPIOB, GPIO_PIN_0, 0);
../Core/Src/main.c(872): warning:  #188-D: enumerated type mixed with another type
                                        HAL_GPIO_WritePin(GPIOB , GPIO_PIN_1,1);
../Core/Src/main.c(752): warning:  #177-D: variable "t" was declared but never referenced
                                                        uint16_t check_temp =1,t=80,c=80;
../Core/Src/main.c(752): warning:  #177-D: variable "c" was declared but never referenced
                                                        uint16_t check_temp =1,t=80,c=80;
../Core/Src/main.c(754): warning:  #177-D: variable "flash_start" was declared but never referenced
                                                        uint8_t flash_start =0;
../Core/Src/main.c(1022): warning:  #223-D: function "lcd_init" declared implicitly
  lcd_init ();
../Core/Src/main.c(1035): warning:  #223-D: function "lcd_send_string" declared implicitly
                        lcd_send_string ("0");
../Core/Src/main.c(1042): warning:  #188-D: enumerated type mixed with another type
                                                        HAL_GPIO_WritePin(GPIOB, GPIO_PIN_0, 0);
../Core/Src/main.c(1043): warning:  #188-D: enumerated type mixed with another type
                                                        HAL_GPIO_WritePin(GPIOB , GPIO_PIN_1,0);
../Core/Src/main.c(1050): warning:  #188-D: enumerated type mixed with another type
                                                        HAL_GPIO_WritePin(GPIOA, GPIO_PIN_4, 0);
../Core/Src/main.c(1051): warning:  #188-D: enumerated type mixed with another type
                                                        HAL_GPIO_WritePin(GPIOA , GPIO_PIN_5,0);
../Core/Src/main.c(1066): warning:  #223-D: function "lcd_put_cur" declared implicitly
                        lcd_put_cur(0,0);
../Core/Src/main.c(1087): warning:  #223-D: function "lcd_clear" declared implicitly
                                        lcd_clear ();
../Core/Src/main.c(1091): warning:  #223-D: function "lcd_clear" declared implicitly
                                                lcd_clear ();
../Core/Src/main.c(127): warning:  #177-D: function "MX_DMA_Init" was declared but never referenced
  static void MX_DMA_Init(void);
../Core/Src/main.c: 50 warnings, 0 errors
compiling stm32f1xx_it.c...
compiling stm32f1xx_hal_msp.c...
compiling stm32f1xx_hal_gpio_ex.c...
compiling stm32f1xx_hal_adc.c...
compiling stm32f1xx_hal_adc_ex.c...
compiling stm32f1xx_hal.c...
compiling stm32f1xx_hal_rcc.c...
compiling stm32f1xx_hal_rcc_ex.c...
compiling stm32f1xx_hal_gpio.c...
compiling stm32f1xx_hal_dma.c...
compiling stm32f1xx_hal_cortex.c...
compiling stm32f1xx_hal_pwr.c...
compiling stm32f1xx_hal_flash.c...
compiling stm32f1xx_hal_flash_ex.c...
compiling stm32f1xx_hal_exti.c...
compiling stm32f1xx_hal_i2c.c...
compiling stm32f1xx_hal_spi.c...
compiling stm32f1xx_hal_tim.c...
compiling stm32f1xx_hal_tim_ex.c...
compiling system_stm32f1xx.c...
linking...
Program Size: Code=17712 RO-data=324 RW-data=56 ZI-data=1984  
FromELF: creating hex file...
"tonghop\tonghop.axf" - 0 Error(s), 50 Warning(s).

<h2>Software Packages used:</h2>

Package Vendor: ARM
                http://www.keil.com/pack/ARM.CMSIS.4.1.0.pack
                ARM::CMSIS:CORE:3.30.0
                CMSIS (Cortex Microcontroller Software Interface Standard)
   * Component: CORE Version: 3.30.0

<h2>Collection of Component include folders:</h2>
  C:\ABT-2\ABT_project1\New folder\ABT_project_1\tonghop2\MDK-ARM\RTE
  C:\Keil_v5\ARM\PACK\ARM\CMSIS\4.1.0\CMSIS\Include

<h2>Collection of Component Files used:</h2>

   * Component: ARM::CMSIS:CORE:3.30.0
      Source file:   CMSIS\UserCodeTemplates\ARM\ITM_Retarget.c
</pre>
</body>
</html>
