Product: ARM Compiler 5.04
Component: ARM Compiler 5.04 update 1 (build 49)
Tool: armlink [5040049]

==============================================================================

Section Cross References

    startup_stm32f103xb.o(RESET) refers to startup_stm32f103xb.o(STACK) for __initial_sp
    startup_stm32f103xb.o(RESET) refers to startup_stm32f103xb.o(.text) for Reset_Handler
    startup_stm32f103xb.o(RESET) refers to stm32f1xx_it.o(i.NMI_Handler) for NMI_Handler
    startup_stm32f103xb.o(RESET) refers to stm32f1xx_it.o(i.HardFault_Handler) for HardFault_Handler
    startup_stm32f103xb.o(RESET) refers to stm32f1xx_it.o(i.MemManage_Handler) for MemManage_Handler
    startup_stm32f103xb.o(RESET) refers to stm32f1xx_it.o(i.BusFault_Handler) for BusFault_Handler
    startup_stm32f103xb.o(RESET) refers to stm32f1xx_it.o(i.UsageFault_Handler) for UsageFault_Handler
    startup_stm32f103xb.o(RESET) refers to stm32f1xx_it.o(i.SVC_Handler) for SVC_Handler
    startup_stm32f103xb.o(RESET) refers to stm32f1xx_it.o(i.DebugMon_Handler) for DebugMon_Handler
    startup_stm32f103xb.o(RESET) refers to stm32f1xx_it.o(i.PendSV_Handler) for PendSV_Handler
    startup_stm32f103xb.o(RESET) refers to stm32f1xx_it.o(i.SysTick_Handler) for SysTick_Handler
    startup_stm32f103xb.o(RESET) refers to stm32f1xx_it.o(i.EXTI1_IRQHandler) for EXTI1_IRQHandler
    startup_stm32f103xb.o(RESET) refers to stm32f1xx_it.o(i.EXTI2_IRQHandler) for EXTI2_IRQHandler
    startup_stm32f103xb.o(RESET) refers to stm32f1xx_it.o(i.DMA1_Channel1_IRQHandler) for DMA1_Channel1_IRQHandler
    startup_stm32f103xb.o(RESET) refers to stm32f1xx_it.o(i.ADC1_2_IRQHandler) for ADC1_2_IRQHandler
    startup_stm32f103xb.o(.text) refers to system_stm32f1xx.o(i.SystemInit) for SystemInit
    startup_stm32f103xb.o(.text) refers to entry.o(.ARM.Collect$$$$00000000) for __main
    flash.o(i.Flash_Read_Array_16bit) refers to stm32f1xx_hal_flash.o(i.HAL_FLASH_Unlock) for HAL_FLASH_Unlock
    flash.o(i.Flash_Read_Array_16bit) refers to stm32f1xx_hal_flash.o(i.HAL_FLASH_Lock) for HAL_FLASH_Lock
    flash.o(i.Flash_Read_Array_16bit) refers to stm32f1xx_hal.o(.data) for uwTickFreq
    flash.o(i.Flash_Read_Array_32bit) refers to stm32f1xx_hal.o(.data) for uwTickFreq
    flash.o(i.Flash_Read_String) refers to stm32f1xx_hal_flash.o(i.HAL_FLASH_Unlock) for HAL_FLASH_Unlock
    flash.o(i.Flash_Read_String) refers to stm32f1xx_hal_flash.o(i.HAL_FLASH_Lock) for HAL_FLASH_Lock
    flash.o(i.Flash_Read_String) refers to stm32f1xx_hal.o(.data) for uwTickFreq
    flash.o(i.Flash_Read_Uint) refers to stm32f1xx_hal.o(.data) for uwTick
    flash.o(i.Flash_Write_Array_16bit) refers to stm32f1xx_hal_flash.o(i.HAL_FLASH_Unlock) for HAL_FLASH_Unlock
    flash.o(i.Flash_Write_Array_16bit) refers to flash.o(i.Flash_Erase) for Flash_Erase
    flash.o(i.Flash_Write_Array_16bit) refers to stm32f1xx_hal_flash.o(i.HAL_FLASH_Lock) for HAL_FLASH_Lock
    flash.o(i.Flash_Write_Array_32bit) refers to stm32f1xx_hal_flash.o(i.HAL_FLASH_Unlock) for HAL_FLASH_Unlock
    flash.o(i.Flash_Write_Array_32bit) refers to flash.o(i.Flash_Erase) for Flash_Erase
    flash.o(i.Flash_Write_Array_32bit) refers to stm32f1xx_hal_flash.o(i.HAL_FLASH_Lock) for HAL_FLASH_Lock
    flash.o(i.Flash_Write_String) refers to stm32f1xx_hal_flash.o(i.HAL_FLASH_Unlock) for HAL_FLASH_Unlock
    flash.o(i.Flash_Write_String) refers to flash.o(i.Flash_Erase) for Flash_Erase
    flash.o(i.Flash_Write_String) refers to stm32f1xx_hal_flash.o(i.HAL_FLASH_Lock) for HAL_FLASH_Lock
    flash.o(i.Flash_Write_Uint) refers to stm32f1xx_hal_flash.o(i.HAL_FLASH_Unlock) for HAL_FLASH_Unlock
    flash.o(i.Flash_Write_Uint) refers to flash.o(i.Flash_Erase) for Flash_Erase
    flash.o(i.Flash_Write_Uint) refers to stm32f1xx_hal_flash.o(i.HAL_FLASH_Lock) for HAL_FLASH_Lock
    i2c-lcd.o(i.lcd_clear) refers to i2c-lcd.o(i.lcd_send_cmd) for lcd_send_cmd
    i2c-lcd.o(i.lcd_clear) refers to i2c-lcd.o(i.lcd_send_data) for lcd_send_data
    i2c-lcd.o(i.lcd_init) refers to stm32f1xx_hal.o(i.HAL_Delay) for HAL_Delay
    i2c-lcd.o(i.lcd_init) refers to i2c-lcd.o(i.lcd_send_cmd) for lcd_send_cmd
    i2c-lcd.o(i.lcd_put_cur) refers to i2c-lcd.o(i.lcd_send_cmd) for lcd_send_cmd
    i2c-lcd.o(i.lcd_send_cmd) refers to stm32f1xx_hal_i2c.o(i.HAL_I2C_Master_Transmit) for HAL_I2C_Master_Transmit
    i2c-lcd.o(i.lcd_send_cmd) refers to main.o(.bss) for hi2c1
    i2c-lcd.o(i.lcd_send_data) refers to stm32f1xx_hal_i2c.o(i.HAL_I2C_Master_Transmit) for HAL_I2C_Master_Transmit
    i2c-lcd.o(i.lcd_send_data) refers to main.o(.bss) for hi2c1
    i2c-lcd.o(i.lcd_send_string) refers to i2c-lcd.o(i.lcd_send_data) for lcd_send_data
    main.o(i.HAL_ADC_ConvCpltCallback) refers to stm32f1xx_hal_adc.o(i.HAL_ADC_GetValue) for HAL_ADC_GetValue
    main.o(i.HAL_ADC_ConvCpltCallback) refers to main.o(.bss) for .bss
    main.o(i.HAL_ADC_ConvCpltCallback) refers to main.o(.data) for .data
[...]
    Removing stm32f1xx_hal_tim.o(i.HAL_TIM_GetChannelState), (34 bytes).
    Removing stm32f1xx_hal_tim.o(i.HAL_TIM_IC_CaptureCallback), (2 bytes).
    Removing stm32f1xx_hal_tim.o(i.HAL_TIM_IC_CaptureHalfCpltCallback), (2 bytes).
    Removing stm32f1xx_hal_tim.o(i.HAL_TIM_IC_ConfigChannel), (270 bytes).
    Removing stm32f1xx_hal_tim.o(i.HAL_TIM_IC_DeInit), (92 bytes).
    Removing stm32f1xx_hal_tim.o(i.HAL_TIM_IC_GetState), (6 bytes).
    Removing stm32f1xx_hal_tim.o(i.HAL_TIM_IC_Init), (90 bytes).
    Removing stm32f1xx_hal_tim.o(i.HAL_TIM_IC_MspDeInit), (2 bytes).
    Removing stm32f1xx_hal_tim.o(i.HAL_TIM_IC_MspInit), (2 bytes).
    Removing stm32f1xx_hal_tim.o(i.HAL_TIM_IC_Start), (184 bytes).
    Removing stm32f1xx_hal_tim.o(i.HAL_TIM_IC_Start_DMA), (404 bytes).
    Removing stm32f1xx_hal_tim.o(i.HAL_TIM_IC_Start_IT), (224 bytes).
    Removing stm32f1xx_hal_tim.o(i.HAL_TIM_IC_Stop), (82 bytes).
    Removing stm32f1xx_hal_tim.o(i.HAL_TIM_IC_Stop_DMA), (156 bytes).
    Removing stm32f1xx_hal_tim.o(i.HAL_TIM_IC_Stop_IT), (134 bytes).
    Removing stm32f1xx_hal_tim.o(i.HAL_TIM_IRQHandler), (358 bytes).
    Removing stm32f1xx_hal_tim.o(i.HAL_TIM_OC_ConfigChannel), (76 bytes).
    Removing stm32f1xx_hal_tim.o(i.HAL_TIM_OC_DeInit), (92 bytes).
    Removing stm32f1xx_hal_tim.o(i.HAL_TIM_OC_DelayElapsedCallback), (2 bytes).
    Removing stm32f1xx_hal_tim.o(i.HAL_TIM_OC_GetState), (6 bytes).
    Removing stm32f1xx_hal_tim.o(i.HAL_TIM_OC_Init), (90 bytes).
    Removing stm32f1xx_hal_tim.o(i.HAL_TIM_OC_MspDeInit), (2 bytes).
    Removing stm32f1xx_hal_tim.o(i.HAL_TIM_OC_MspInit), (2 bytes).
    Removing stm32f1xx_hal_tim.o(i.HAL_TIM_OC_Start), (156 bytes).
    Removing stm32f1xx_hal_tim.o(i.HAL_TIM_OC_Start_DMA), (388 bytes).
    Removing stm32f1xx_hal_tim.o(i.HAL_TIM_OC_Start_IT), (196 bytes).
    Removing stm32f1xx_hal_tim.o(i.HAL_TIM_OC_Stop), (112 bytes).
    Removing stm32f1xx_hal_tim.o(i.HAL_TIM_OC_Stop_DMA), (184 bytes).
    Removing stm32f1xx_hal_tim.o(i.HAL_TIM_OC_Stop_IT), (164 bytes).
    Removing stm32f1xx_hal_tim.o(i.HAL_TIM_OnePulse_ConfigChannel), (218 bytes).
    Removing stm32f1xx_hal_tim.o(i.HAL_TIM_OnePulse_DeInit), (76 bytes).
    Removing stm32f1xx_hal_tim.o(i.HAL_TIM_OnePulse_GetState), (6 bytes).
    Removing stm32f1xx_hal_tim.o(i.HAL_TIM_OnePulse_Init), (86 bytes).
    Removing stm32f1xx_hal_tim.o(i.HAL_TIM_OnePulse_MspDeInit), (2 bytes).
    Removing stm32f1xx_hal_tim.o(i.HAL_TIM_OnePulse_MspInit), (2 bytes).
    Removing stm32f1xx_hal_tim.o(i.HAL_TIM_OnePulse_Start), (104 bytes).
    Removing stm32f1xx_hal_tim.o(i.HAL_TIM_OnePulse_Start_IT), (124 bytes).
    Removing stm32f1xx_hal_tim.o(i.HAL_TIM_OnePulse_Stop), (100 bytes).
    Removing stm32f1xx_hal_tim.o(i.HAL_TIM_OnePulse_Stop_IT), (120 bytes).
    Removing stm32f1xx_hal_tim.o(i.HAL_TIM_PWM_DeInit), (92 bytes).
    Removing stm32f1xx_hal_tim.o(i.HAL_TIM_PWM_GetState), (6 bytes).
    Removing stm32f1xx_hal_tim.o(i.HAL_TIM_PWM_MspDeInit), (2 bytes).
    Removing stm32f1xx_hal_tim.o(i.HAL_TIM_PWM_PulseFinishedCallback), (2 bytes).
    Removing stm32f1xx_hal_tim.o(i.HAL_TIM_PWM_PulseFinishedHalfCpltCallback), (2 bytes).
    Removing stm32f1xx_hal_tim.o(i.HAL_TIM_PWM_Start_DMA), (388 bytes).
    Removing stm32f1xx_hal_tim.o(i.HAL_TIM_PWM_Start_IT), (196 bytes).
    Removing stm32f1xx_hal_tim.o(i.HAL_TIM_PWM_Stop), (112 bytes).
    Removing stm32f1xx_hal_tim.o(i.HAL_TIM_PWM_Stop_DMA), (184 bytes).
    Removing stm32f1xx_hal_tim.o(i.HAL_TIM_PWM_Stop_IT), (164 bytes).
    Removing stm32f1xx_hal_tim.o(i.HAL_TIM_PeriodElapsedCallback), (2 bytes).
    Removing stm32f1xx_hal_tim.o(i.HAL_TIM_PeriodElapsedHalfCpltCallback), (2 bytes).
    Removing stm32f1xx_hal_tim.o(i.HAL_TIM_ReadCapturedValue), (42 bytes).
    Removing stm32f1xx_hal_tim.o(i.HAL_TIM_SlaveConfigSynchro), (86 bytes).
    Removing stm32f1xx_hal_tim.o(i.HAL_TIM_SlaveConfigSynchro_IT), (86 bytes).
    Removing stm32f1xx_hal_tim.o(i.HAL_TIM_TriggerCallback), (2 bytes).
    Removing stm32f1xx_hal_tim.o(i.HAL_TIM_TriggerHalfCpltCallback), (2 bytes).
    Removing stm32f1xx_hal_tim.o(i.TIM_DMACaptureCplt), (110 bytes).
    Removing stm32f1xx_hal_tim.o(i.TIM_DMACaptureHalfCplt), (56 bytes).
    Removing stm32f1xx_hal_tim.o(i.TIM_DMADelayPulseCplt), (94 bytes).
    Removing stm32f1xx_hal_tim.o(i.TIM_DMADelayPulseHalfCplt), (56 bytes).
    Removing stm32f1xx_hal_tim.o(i.TIM_DMAError), (84 bytes).
    Removing stm32f1xx_hal_tim.o(i.TIM_DMAPeriodElapsedCplt), (22 bytes).
    Removing stm32f1xx_hal_tim.o(i.TIM_DMAPeriodElapsedHalfCplt), (10 bytes).
    Removing stm32f1xx_hal_tim.o(i.TIM_DMATriggerCplt), (22 bytes).
    Removing stm32f1xx_hal_tim.o(i.TIM_DMATriggerHalfCplt), (10 bytes).
    Removing stm32f1xx_hal_tim.o(i.TIM_SlaveTimer_SetConfig), (134 bytes).
    Removing stm32f1xx_hal_tim.o(i.TIM_TI1_SetConfig), (88 bytes).
    Removing stm32f1xx_hal_tim.o(i.TIM_TI2_SetConfig), (54 bytes).
    Removing stm32f1xx_hal_tim_ex.o(.rev16_text), (4 bytes).
    Removing stm32f1xx_hal_tim_ex.o(.revsh_text), (4 bytes).
    Removing stm32f1xx_hal_tim_ex.o(.rrx_text), (6 bytes).
    Removing stm32f1xx_hal_tim_ex.o(i.HAL_TIMEx_BreakCallback), (2 bytes).
    Removing stm32f1xx_hal_tim_ex.o(i.HAL_TIMEx_CommutCallback), (2 bytes).
    Removing stm32f1xx_hal_tim_ex.o(i.HAL_TIMEx_CommutHalfCpltCallback), (2 bytes).
    Removing stm32f1xx_hal_tim_ex.o(i.HAL_TIMEx_ConfigBreakDeadTime), (84 bytes).
    Removing stm32f1xx_hal_tim_ex.o(i.HAL_TIMEx_ConfigCommutEvent), (112 bytes).
    Removing stm32f1xx_hal_tim_ex.o(i.HAL_TIMEx_ConfigCommutEvent_DMA), (144 bytes).
    Removing stm32f1xx_hal_tim_ex.o(i.HAL_TIMEx_ConfigCommutEvent_IT), (112 bytes).
    Removing stm32f1xx_hal_tim_ex.o(i.HAL_TIMEx_GetChannelNState), (34 bytes).
    Removing stm32f1xx_hal_tim_ex.o(i.HAL_TIMEx_HallSensor_DeInit), (76 bytes).
    Removing stm32f1xx_hal_tim_ex.o(i.HAL_TIMEx_HallSensor_GetState), (6 bytes).
    Removing stm32f1xx_hal_tim_ex.o(i.HAL_TIMEx_HallSensor_Init), (208 bytes).
    Removing stm32f1xx_hal_tim_ex.o(i.HAL_TIMEx_HallSensor_MspDeInit), (2 bytes).
    Removing stm32f1xx_hal_tim_ex.o(i.HAL_TIMEx_HallSensor_MspInit), (2 bytes).
    Removing stm32f1xx_hal_tim_ex.o(i.HAL_TIMEx_HallSensor_Start), (128 bytes).
    Removing stm32f1xx_hal_tim_ex.o(i.HAL_TIMEx_HallSensor_Start_DMA), (184 bytes).
    Removing stm32f1xx_hal_tim_ex.o(i.HAL_TIMEx_HallSensor_Start_IT), (140 bytes).
    Removing stm32f1xx_hal_tim_ex.o(i.HAL_TIMEx_HallSensor_Stop), (58 bytes).
    Removing stm32f1xx_hal_tim_ex.o(i.HAL_TIMEx_HallSensor_Stop_DMA), (70 bytes).
    Removing stm32f1xx_hal_tim_ex.o(i.HAL_TIMEx_HallSensor_Stop_IT), (68 bytes).
    Removing stm32f1xx_hal_tim_ex.o(i.HAL_TIMEx_OCN_Start), (152 bytes).
    Removing stm32f1xx_hal_tim_ex.o(i.HAL_TIMEx_OCN_Start_DMA), (336 bytes).
    Removing stm32f1xx_hal_tim_ex.o(i.HAL_TIMEx_OCN_Start_IT), (188 bytes).
    Removing stm32f1xx_hal_tim_ex.o(i.HAL_TIMEx_OCN_Stop), (104 bytes).
    Removing stm32f1xx_hal_tim_ex.o(i.HAL_TIMEx_OCN_Stop_DMA), (158 bytes).
    Removing stm32f1xx_hal_tim_ex.o(i.HAL_TIMEx_OCN_Stop_IT), (160 bytes).
    Removing stm32f1xx_hal_tim_ex.o(i.HAL_TIMEx_OnePulseN_Start), (100 bytes).
    Removing stm32f1xx_hal_tim_ex.o(i.HAL_TIMEx_OnePulseN_Start_IT), (120 bytes).
    Removing stm32f1xx_hal_tim_ex.o(i.HAL_TIMEx_OnePulseN_Stop), (98 bytes).
    Removing stm32f1xx_hal_tim_ex.o(i.HAL_TIMEx_OnePulseN_Stop_IT), (120 bytes).
    Removing stm32f1xx_hal_tim_ex.o(i.HAL_TIMEx_PWMN_Start), (152 bytes).
    Removing stm32f1xx_hal_tim_ex.o(i.HAL_TIMEx_PWMN_Start_DMA), (336 bytes).
    Removing stm32f1xx_hal_tim_ex.o(i.HAL_TIMEx_PWMN_Start_IT), (188 bytes).
    Removing stm32f1xx_hal_tim_ex.o(i.HAL_TIMEx_PWMN_Stop), (104 bytes).
    Removing stm32f1xx_hal_tim_ex.o(i.HAL_TIMEx_PWMN_Stop_DMA), (158 bytes).
    Removing stm32f1xx_hal_tim_ex.o(i.HAL_TIMEx_PWMN_Stop_IT), (160 bytes).
    Removing stm32f1xx_hal_tim_ex.o(i.HAL_TIMEx_RemapConfig), (4 bytes).
    Removing stm32f1xx_hal_tim_ex.o(i.TIMEx_DMACommutationCplt), (16 bytes).
    Removing stm32f1xx_hal_tim_ex.o(i.TIMEx_DMACommutationHalfCplt), (16 bytes).
    Removing stm32f1xx_hal_tim_ex.o(i.TIM_CCxNChannelCmd), (26 bytes).
    Removing stm32f1xx_hal_tim_ex.o(i.TIM_DMADelayPulseNCplt), (94 bytes).
    Removing stm32f1xx_hal_tim_ex.o(i.TIM_DMAErrorCCxN), (62 bytes).
    Removing system_stm32f1xx.o(.rev16_text), (4 bytes).
    Removing system_stm32f1xx.o(.revsh_text), (4 bytes).
    Removing system_stm32f1xx.o(.rrx_text), (6 bytes).
    Removing system_stm32f1xx.o(i.SystemCoreClockUpdate), (104 bytes).

510 unused section(s) (total 41532 bytes) removed from the image.

==============================================================================

Image Symbol Table

    Local Symbols

    Symbol Name                              Value     Ov Type        Size  Object(Section)

    ../Core/Src/main.c                       0x00000000   Number         0  main.o ABSOLUTE
    ../Core/Src/stm32f1xx_hal_msp.c          0x00000000   Number         0  stm32f1xx_hal_msp.o ABSOLUTE
    ../Core/Src/stm32f1xx_it.c               0x00000000   Number         0  stm32f1xx_it.o ABSOLUTE
    ../Core/Src/system_stm32f1xx.c           0x00000000   Number         0  system_stm32f1xx.o ABSOLUTE
    ../Drivers/STM32F1xx_HAL_Driver/Src/stm32f1xx_hal.c 0x00000000   Number         0  stm32f1xx_hal.o ABSOLUTE
    ../Drivers/STM32F1xx_HAL_Driver/Src/stm32f1xx_hal_adc.c 0x00000000   Number         0  stm32f1xx_hal_adc.o ABSOLUTE
    ../Drivers/STM32F1xx_HAL_Driver/Src/stm32f1xx_hal_adc_ex.c 0x00000000   Number         0  stm32f1xx_hal_adc_ex.o ABSOLUTE
    ../Drivers/STM32F1xx_HAL_Driver/Src/stm32f1xx_hal_cortex.c 0x00000000   Number         0  stm32f1xx_hal_cortex.o ABSOLUTE
    ../Drivers/STM32F1xx_HAL_Driver/Src/stm32f1xx_hal_dma.c 0x00000000   Number         0  stm32f1xx_hal_dma.o ABSOLUTE
    ../Drivers/STM32F1xx_HAL_Driver/Src/stm32f1xx_hal_exti.c 0x00000000   Number         0  stm32f1xx_hal_exti.o ABSOLUTE
    ../Drivers/STM32F1xx_HAL_Driver/Src/stm32f1xx_hal_flash.c 0x00000000   Number         0  stm32f1xx_hal_flash.o ABSOLUTE
    ../Drivers/STM32F1xx_HAL_Driver/Src/stm32f1xx_hal_flash_ex.c 0x00000000   Number         0  stm32f1xx_hal_flash_ex.o ABSOLUTE
    ../Drivers/STM32F1xx_HAL_Driver/Src/stm32f1xx_hal_gpio.c 0x00000000   Number         0  stm32f1xx_hal_gpio.o ABSOLUTE
    ../Drivers/STM32F1xx_HAL_Driver/Src/stm32f1xx_hal_gpio_ex.c 0x00000000   Number         0  stm32f1xx_hal_gpio_ex.o ABSOLUTE
    ../Drivers/STM32F1xx_HAL_Driver/Src/stm32f1xx_hal_i2c.c 0x00000000   Number         0  stm32f1xx_hal_i2c.o ABSOLUTE
    ../Drivers/STM32F1xx_HAL_Driver/Src/stm32f1xx_hal_pwr.c 0x00000000   Number         0  stm32f1xx_hal_pwr.o ABSOLUTE
    ../Drivers/STM32F1xx_HAL_Driver/Src/stm32f1xx_hal_rcc.c 0x00000000   Number         0  stm32f1xx_hal_rcc.o ABSOLUTE
    ../Drivers/STM32F1xx_HAL_Driver/Src/stm32f1xx_hal_rcc_ex.c 0x00000000   Number         0  stm32f1xx_hal_rcc_ex.o ABSOLUTE
    ../Drivers/STM32F1xx_HAL_Driver/Src/stm32f1xx_hal_spi.c 0x00000000   Number         0  stm32f1xx_hal_spi.o ABSOLUTE
    ../Drivers/STM32F1xx_HAL_Driver/Src/stm32f1xx_hal_tim.c 0x00000000   Number         0  stm32f1xx_hal_tim.o ABSOLUTE
    ../Drivers/STM32F1xx_HAL_Driver/Src/stm32f1xx_hal_tim_ex.c 0x00000000   Number         0  stm32f1xx_hal_tim_ex.o ABSOLUTE
    ../clib/microlib/division.c              0x00000000   Number         0  uidiv.o ABSOLUTE
    ../clib/microlib/division.c              0x00000000   Number         0  uldiv.o ABSOLUTE
    ../clib/microlib/init/entry.s            0x00000000   Number         0  entry5.o ABSOLUTE
    ../clib/microlib/init/entry.s            0x00000000   Number         0  entry2.o ABSOLUTE
    ../clib/microlib/init/entry.s            0x00000000   Number         0  entry.o ABSOLUTE
    ../clib/microlib/init/entry.s            0x00000000   Number         0  entry11b.o ABSOLUTE
    ../clib/microlib/init/entry.s            0x00000000   Number         0  entry8b.o ABSOLUTE
    ../clib/microlib/init/entry.s            0x00000000   Number         0  entry11a.o ABSOLUTE
    ../clib/microlib/init/entry.s            0x00000000   Number         0  entry10b.o ABSOLUTE
    ../clib/microlib/init/entry.s            0x00000000   Number         0  entry10a.o ABSOLUTE
    ../clib/microlib/init/entry.s            0x00000000   Number         0  entry9b.o ABSOLUTE
    ../clib/microlib/init/entry.s            0x00000000   Number         0  entry9a.o ABSOLUTE
    ../clib/microlib/init/entry.s            0x00000000   Number         0  entry8a.o ABSOLUTE
    ../clib/microlib/init/entry.s            0x00000000   Number         0  entry7b.o ABSOLUTE
    ../clib/microlib/init/entry.s            0x00000000   Number         0  entry7a.o ABSOLUTE
    ../clib/microlib/longlong.c              0x00000000   Number         0  llushr.o ABSOLUTE
    ../clib/microlib/longlong.c              0x00000000   Number         0  llsshr.o ABSOLUTE
    ../clib/microlib/longlong.c              0x00000000   Number         0  llshl.o ABSOLUTE
    ../clib/microlib/malloc/malloc.c         0x00000000   Number         0  mallocr.o ABSOLUTE
    ../clib/microlib/malloc/malloc.c         0x00000000   Number         0  malloc.o ABSOLUTE
    ../clib/microlib/malloc/malloc.c         0x00000000   Number         0  mallocra.o ABSOLUTE
    ../clib/microlib/malloc/malloc.c         0x00000000   Number         0  malloca.o ABSOLUTE
    ../clib/microlib/malloc/mvars.c          0x00000000   Number         0  mvars.o ABSOLUTE
    ../clib/microlib/printf/printf.c         0x00000000   Number         0  printfb.o ABSOLUTE
    ../clib/microlib/printf/printf.c         0x00000000   Number         0  printf7.o ABSOLUTE
    ../clib/microlib/printf/printf.c         0x00000000   Number         0  printf6.o ABSOLUTE
    ../clib/microlib/printf/printf.c         0x00000000   Number         0  printf5.o ABSOLUTE
    ../clib/microlib/printf/printf.c         0x00000000   Number         0  printf4.o ABSOLUTE
    ../clib/microlib/printf/printf.c         0x00000000   Number         0  printfa.o ABSOLUTE
    ../clib/microlib/printf/printf.c         0x00000000   Number         0  printf3.o ABSOLUTE
    ../clib/microlib/printf/printf.c         0x00000000   Number         0  printf1.o ABSOLUTE
    ../clib/microlib/printf/printf.c         0x00000000   Number         0  printf2.o ABSOLUTE
    ../clib/microlib/printf/printf.c         0x00000000   Number         0  printf8.o ABSOLUTE
    ../clib/microlib/printf/printf.c         0x00000000   Number         0  printf0.o ABSOLUTE
    ../clib/microlib/printf/stubs.s          0x00000000   Number         0  stubs.o ABSOLUTE
    ../clib/microlib/stdio/fputc.c           0x00000000   Number         0  fputc.o ABSOLUTE
    ../clib/microlib/stdio/semi.s            0x00000000   Number         0  semi.o ABSOLUTE
    ../clib/microlib/stdio/streams.c         0x00000000   Number         0  stdout.o ABSOLUTE
    ../clib/microlib/string/memcpy.c         0x00000000   Number         0  memcpya.o ABSOLUTE
    ../clib/microlib/string/memcpy.c         0x00000000   Number         0  memcpyb.o ABSOLUTE
    ../clib/microlib/string/memset.c         0x00000000   Number         0  memseta.o ABSOLUTE
    ../clib/microlib/stubs.s                 0x00000000   Number         0  iusefp.o ABSOLUTE
    ../clib/microlib/stubs.s                 0x00000000   Number         0  iusesemip.o ABSOLUTE
    ../fplib/microlib/f2d.c                  0x00000000   Number         0  f2d.o ABSOLUTE
    ../fplib/microlib/fpadd.c                0x00000000   Number         0  dadd.o ABSOLUTE
    ../fplib/microlib/fpadd.c                0x00000000   Number         0  fadd.o ABSOLUTE
    ../fplib/microlib/fpdiv.c                0x00000000   Number         0  ddiv.o ABSOLUTE
    ../fplib/microlib/fpepilogue.c           0x00000000   Number         0  depilogue.o ABSOLUTE
    ../fplib/microlib/fpepilogue.c           0x00000000   Number         0  fepilogue.o ABSOLUTE
    ../fplib/microlib/fpfix.c                0x00000000   Number         0  dfixul.o ABSOLUTE
    ../fplib/microlib/fpfix.c                0x00000000   Number         0  ffixui.o ABSOLUTE
    ../fplib/microlib/fpflt.c                0x00000000   Number         0  ffltui.o ABSOLUTE
    ../fplib/microlib/fpmul.c                0x00000000   Number         0  dmul.o ABSOLUTE
    ../fplib/microlib/fpscalb.c              0x00000000   Number         0  fscalb.o ABSOLUTE
    ..\Core\Src\flash.c                      0x00000000   Number         0  flash.o ABSOLUTE
    ..\Core\Src\i2c-lcd.c                    0x00000000   Number         0  i2c-lcd.o ABSOLUTE
    ..\Core\Src\main.c                       0x00000000   Number         0  main.o ABSOLUTE
    ..\Core\Src\stm32f1xx_hal_msp.c          0x00000000   Number         0  stm32f1xx_hal_msp.o ABSOLUTE
    ..\Core\Src\stm32f1xx_it.c               0x00000000   Number         0  stm32f1xx_it.o ABSOLUTE
    ..\Core\Src\system_stm32f1xx.c           0x00000000   Number         0  system_stm32f1xx.o ABSOLUTE
    ..\Drivers\STM32F1xx_HAL_Driver\Src\stm32f1xx_hal.c 0x00000000   Number         0  stm32f1xx_hal.o ABSOLUTE
    ..\Drivers\STM32F1xx_HAL_Driver\Src\stm32f1xx_hal_adc.c 0x00000000   Number         0  stm32f1xx_hal_adc.o ABSOLUTE
    ..\Drivers\STM32F1xx_HAL_Driver\Src\stm32f1xx_hal_adc_ex.c 0x00000000   Number         0  stm32f1xx_hal_adc_ex.o ABSOLUTE
    ..\Drivers\STM32F1xx_HAL_Driver\Src\stm32f1xx_hal_cortex.c 0x00000000   Number         0  stm32f1xx_hal_cortex.o ABSOLUTE
    ..\Drivers\STM32F1xx_HAL_Driver\Src\stm32f1xx_hal_dma.c 0x00000000   Number         0  stm32f1xx_hal_dma.o ABSOLUTE
    ..\Drivers\STM32F1xx_HAL_Driver\Src\stm32f1xx_hal_exti.c 0x00000000   Number         0  stm32f1xx_hal_exti.o ABSOLUTE
    ..\Drivers\STM32F1xx_HAL_Driver\Src\stm32f1xx_hal_flash.c 0x00000000   Number         0  stm32f1xx_hal_flash.o ABSOLUTE
    ..\Drivers\STM32F1xx_HAL_Driver\Src\stm32f1xx_hal_flash_ex.c 0x00000000   Number         0  stm32f1xx_hal_flash_ex.o ABSOLUTE
    ..\Drivers\STM32F1xx_HAL_Driver\Src\stm32f1xx_hal_gpio.c 0x00000000   Number         0  stm32f1xx_hal_gpio.o ABSOLUTE
    ..\Drivers\STM32F1xx_HAL_Driver\Src\stm32f1xx_hal_gpio_ex.c 0x00000000   Number         0  stm32f1xx_hal_gpio_ex.o ABSOLUTE
    ..\Drivers\STM32F1xx_HAL_Driver\Src\stm32f1xx_hal_i2c.c 0x00000000   Number         0  stm32f1xx_hal_i2c.o ABSOLUTE
    ..\Drivers\STM32F1xx_HAL_Driver\Src\stm32f1xx_hal_pwr.c 0x00000000   Number         0  stm32f1xx_hal_pwr.o ABSOLUTE
    ..\Drivers\STM32F1xx_HAL_Driver\Src\stm32f1xx_hal_rcc.c 0x00000000   Number         0  stm32f1xx_hal_rcc.o ABSOLUTE
    ..\Drivers\STM32F1xx_HAL_Driver\Src\stm32f1xx_hal_rcc_ex.c 0x00000000   Number         0  stm32f1xx_hal_rcc_ex.o ABSOLUTE
    ..\Drivers\STM32F1xx_HAL_Driver\Src\stm32f1xx_hal_spi.c 0x00000000   Number         0  stm32f1xx_hal_spi.o ABSOLUTE
    ..\Drivers\STM32F1xx_HAL_Driver\Src\stm32f1xx_hal_tim.c 0x00000000   Number         0  stm32f1xx_hal_tim.o ABSOLUTE
    ..\Drivers\STM32F1xx_HAL_Driver\Src\stm32f1xx_hal_tim_ex.c 0x00000000   Number         0  stm32f1xx_hal_tim_ex.o ABSOLUTE
    ..\\Core\\Src\\flash.c                   0x00000000   Number         0  flash.o ABSOLUTE
    ..\\Core\\Src\\i2c-lcd.c                 0x00000000   Number         0  i2c-lcd.o ABSOLUTE
    cdrcmple.s                               0x00000000   Number         0  cdrcmple.o ABSOLUTE
    cfcmple.s                                0x00000000   Number         0  cfcmple.o ABSOLUTE
    cfrcmple.s                               0x00000000   Number         0  cfrcmple.o ABSOLUTE
    dc.s                                     0x00000000   Number         0  dc.o ABSOLUTE
    handlers.s                               0x00000000   Number         0  handlers.o ABSOLUTE
    init.s                                   0x00000000   Number         0  init.o ABSOLUTE
    startup_stm32f103xb.s                    0x00000000   Number         0  startup_stm32f103xb.o ABSOLUTE
    RESET                                    0x08000000   Section      236  startup_stm32f103xb.o(RESET)
    .ARM.Collect$$$$00000000                 0x080000ec   Section        0  entry.o(.ARM.Collect$$$$00000000)
    .ARM.Collect$$$$00000001                 0x080000ec   Section        4  entry2.o(.ARM.Collect$$$$00000001)
    .ARM.Collect$$$$00000004                 0x080000f0   Section        4  entry5.o(.ARM.Collect$$$$00000004)
    .ARM.Collect$$$$00000008                 0x080000f4   Section        0  entry7b.o(.ARM.Collect$$$$00000008)
    .ARM.Collect$$$$0000000A                 0x080000f4   Section        0  entry8b.o(.ARM.Collect$$$$0000000A)
    .ARM.Collect$$$$0000000B                 0x080000f4   Section        8  entry9a.o(.ARM.Collect$$$$0000000B)
    .ARM.Collect$$$$0000000D                 0x080000fc   Section        0  entry10a.o(.ARM.Collect$$$$0000000D)
    .ARM.Collect$$$$0000000F                 0x080000fc   Section        0  entry11a.o(.ARM.Collect$$$$0000000F)
    .ARM.Collect$$$$00002712                 0x080000fc   Section        4  entry2.o(.ARM.Collect$$$$00002712)
    __lit__00000000                          0x080000fc   Data           4  entry2.o(.ARM.Collect$$$$00002712)
    .text                                    0x08000100   Section       36  startup_stm32f103xb.o(.text)
    .text                                    0x08000124   Section        0  llushr.o(.text)
    .text                                    0x08000144   Section        0  memseta.o(.text)
    .text                                    0x08000168   Section        0  fadd.o(.text)
    .text                                    0x08000218   Section        0  fscalb.o(.text)
    .text                                    0x08000230   Section        0  ffltui.o(.text)
    .text                                    0x0800023a   Section        0  ffixui.o(.text)
    .text                                    0x08000262   Section        0  f2d.o(.text)
    .text                                    0x08000288   Section       20  cfcmple.o(.text)
    .text                                    0x0800029c   Section       20  cfrcmple.o(.text)
    .text                                    0x080002b0   Section        0  uidiv.o(.text)
    .text                                    0x080002dc   Section        0  uldiv.o(.text)
    .text                                    0x0800033e   Section        0  fepilogue.o(.text)
    .text                                    0x0800033e   Section        0  iusefp.o(.text)
    .text                                    0x080003ac   Section        0  dadd.o(.text)
    .text                                    0x080004fa   Section        0  dmul.o(.text)
    .text                                    0x080005de   Section        0  ddiv.o(.text)
    .text                                    0x080006bc   Section        0  dfixul.o(.text)
    .text                                    0x080006ec   Section       40  cdrcmple.o(.text)
    .text                                    0x08000714   Section       36  init.o(.text)
    .text                                    0x08000738   Section        0  llshl.o(.text)
    .text                                    0x08000756   Section        0  llsshr.o(.text)
    .text                                    0x0800077a   Section        0  depilogue.o(.text)
    i.ADC1_2_IRQHandler                      0x08000830   Section        0  stm32f1xx_it.o(i.ADC1_2_IRQHandler)
    i.ADC_ConversionStop_Disable             0x0800083c   Section        0  stm32f1xx_hal_adc.o(i.ADC_ConversionStop_Disable)
    i.ADC_Enable                             0x08000894   Section        0  stm32f1xx_hal_adc.o(i.ADC_Enable)
    i.BusFault_Handler                       0x08000910   Section        0  stm32f1xx_it.o(i.BusFault_Handler)
    i.DMA1_Channel1_IRQHandler               0x08000914   Section        0  stm32f1xx_it.o(i.DMA1_Channel1_IRQHandler)
    i.DebugMon_Handler                       0x08000920   Section        0  stm32f1xx_it.o(i.DebugMon_Handler)
    i.EXTI1_IRQHandler                       0x08000922   Section        0  stm32f1xx_it.o(i.EXTI1_IRQHandler)
    i.EXTI2_IRQHandler                       0x08000928   Section        0  stm32f1xx_it.o(i.EXTI2_IRQHandler)
    i.Error_Handler                          0x0800092e   Section        0  main.o(i.Error_Handler)
    i.Flash_Erase                            0x08000930   Section        0  flash.o(i.Flash_Erase)
    Flash_Erase                              0x08000931   Thumb Code    50  flash.o(i.Flash_Erase)
    i.Flash_Read_Array_16bit                 0x08000968   Section        0  flash.o(i.Flash_Read_Array_16bit)
    i.Flash_Read_Uint                        0x080009e0   Section        0  flash.o(i.Flash_Read_Uint)
    i.Flash_Write_Array_16bit                0x08000a04   Section        0  flash.o(i.Flash_Write_Array_16bit)
    i.Flash_Write_Uint                       0x08000a54   Section        0  flash.o(i.Flash_Write_Uint)
    i.HAL_ADCEx_InjectedConvCpltCallback     0x08000a98   Section        0  stm32f1xx_hal_adc_ex.o(i.HAL_ADCEx_InjectedConvCpltCallback)
    i.HAL_ADC_ConfigChannel                  0x08000a9c   Section        0  stm32f1xx_hal_adc.o(i.HAL_ADC_ConfigChannel)
    i.HAL_ADC_ConvCpltCallback               0x08000b98   Section        0  main.o(i.HAL_ADC_ConvCpltCallback)
    i.HAL_ADC_GetValue                       0x08000bb8   Section        0  stm32f1xx_hal_adc.o(i.HAL_ADC_GetValue)
    i.HAL_ADC_IRQHandler                     0x08000bbe   Section        0  stm32f1xx_hal_adc.o(i.HAL_ADC_IRQHandler)
    i.HAL_ADC_Init                           0x08000ca4   Section        0  stm32f1xx_hal_adc.o(i.HAL_ADC_Init)
    i.HAL_ADC_LevelOutOfWindowCallback       0x08000dc0   Section        0  stm32f1xx_hal_adc.o(i.HAL_ADC_LevelOutOfWindowCallback)
    i.HAL_ADC_MspInit                        0x08000dc4   Section        0  stm32f1xx_hal_msp.o(i.HAL_ADC_MspInit)
    i.HAL_ADC_Start_IT                       0x08000e60   Section        0  stm32f1xx_hal_adc.o(i.HAL_ADC_Start_IT)
    i.HAL_DMA_IRQHandler                     0x08000f2c   Section        0  stm32f1xx_hal_dma.o(i.HAL_DMA_IRQHandler)
    i.HAL_DMA_Init                           0x08001080   Section        0  stm32f1xx_hal_dma.o(i.HAL_DMA_Init)
    i.HAL_Delay                              0x080010dc   Section        0  stm32f1xx_hal.o(i.HAL_Delay)
    i.HAL_FLASH_Lock                         0x08001100   Section        0  stm32f1xx_hal_flash.o(i.HAL_FLASH_Lock)
    i.HAL_FLASH_Unlock                       0x08001114   Section        0  stm32f1xx_hal_flash.o(i.HAL_FLASH_Unlock)
    i.HAL_GPIO_EXTI_Callback                 0x0800113c   Section        0  main.o(i.HAL_GPIO_EXTI_Callback)
    i.HAL_GPIO_EXTI_IRQHandler               0x0800116c   Section        0  stm32f1xx_hal_gpio.o(i.HAL_GPIO_EXTI_IRQHandler)
    i.HAL_GPIO_Init                          0x08001184   Section        0  stm32f1xx_hal_gpio.o(i.HAL_GPIO_Init)
    i.HAL_GPIO_ReadPin                       0x08001364   Section        0  stm32f1xx_hal_gpio.o(i.HAL_GPIO_ReadPin)
    i.HAL_GPIO_WritePin                      0x0800136e   Section        0  stm32f1xx_hal_gpio.o(i.HAL_GPIO_WritePin)
    i.HAL_GetTick                            0x08001378   Section        0  stm32f1xx_hal.o(i.HAL_GetTick)
    i.HAL_I2C_Init                           0x08001384   Section        0  stm32f1xx_hal_i2c.o(i.HAL_I2C_Init)
    i.HAL_I2C_Master_Transmit                0x08001500   Section        0  stm32f1xx_hal_i2c.o(i.HAL_I2C_Master_Transmit)
    i.HAL_I2C_MspInit                        0x0800162c   Section        0  stm32f1xx_hal_msp.o(i.HAL_I2C_MspInit)
    i.HAL_IncTick                            0x08001688   Section        0  stm32f1xx_hal.o(i.HAL_IncTick)
    i.HAL_Init                               0x08001698   Section        0  stm32f1xx_hal.o(i.HAL_Init)
    i.HAL_InitTick                           0x080016bc   Section        0  stm32f1xx_hal.o(i.HAL_InitTick)
    i.HAL_MspInit                            0x080016fc   Section        0  stm32f1xx_hal_msp.o(i.HAL_MspInit)
    i.HAL_NVIC_EnableIRQ                     0x08001738   Section        0  stm32f1xx_hal_cortex.o(i.HAL_NVIC_EnableIRQ)
    i.HAL_NVIC_SetPriority                   0x08001754   Section        0  stm32f1xx_hal_cortex.o(i.HAL_NVIC_SetPriority)
    i.HAL_NVIC_SetPriorityGrouping           0x08001794   Section        0  stm32f1xx_hal_cortex.o(i.HAL_NVIC_SetPriorityGrouping)
    i.HAL_RCCEx_PeriphCLKConfig              0x080017b8   Section        0  stm32f1xx_hal_rcc_ex.o(i.HAL_RCCEx_PeriphCLKConfig)
    i.HAL_RCC_ClockConfig                    0x080018a4   Section        0  stm32f1xx_hal_rcc.o(i.HAL_RCC_ClockConfig)
    i.HAL_RCC_GetPCLK1Freq                   0x080019d0   Section        0  stm32f1xx_hal_rcc.o(i.HAL_RCC_GetPCLK1Freq)
    i.HAL_RCC_GetSysClockFreq                0x080019f0   Section        0  stm32f1xx_hal_rcc.o(i.HAL_RCC_GetSysClockFreq)
    i.HAL_RCC_OscConfig                      0x08001a5c   Section        0  stm32f1xx_hal_rcc.o(i.HAL_RCC_OscConfig)
    i.HAL_SPI_Init                           0x08001d7c   Section        0  stm32f1xx_hal_spi.o(i.HAL_SPI_Init)
    i.HAL_SPI_MspInit                        0x08001e30   Section        0  stm32f1xx_hal_msp.o(i.HAL_SPI_MspInit)
    i.HAL_SPI_Receive                        0x08001eb0   Section        0  stm32f1xx_hal_spi.o(i.HAL_SPI_Receive)
    i.HAL_SPI_TransmitReceive                0x0800200a   Section        0  stm32f1xx_hal_spi.o(i.HAL_SPI_TransmitReceive)
    i.HAL_SYSTICK_Config                     0x080021ec   Section        0  stm32f1xx_hal_cortex.o(i.HAL_SYSTICK_Config)
    i.HAL_TIMEx_MasterConfigSynchronization  0x08002214   Section        0  stm32f1xx_hal_tim_ex.o(i.HAL_TIMEx_MasterConfigSynchronization)
    i.HAL_TIM_Base_Init                      0x0800227c   Section        0  stm32f1xx_hal_tim.o(i.HAL_TIM_Base_Init)
    i.HAL_TIM_Base_MspInit                   0x080022d8   Section        0  stm32f1xx_hal_msp.o(i.HAL_TIM_Base_MspInit)
    i.HAL_TIM_Base_Start                     0x08002314   Section        0  stm32f1xx_hal_tim.o(i.HAL_TIM_Base_Start)
    i.HAL_TIM_ConfigClockSource              0x08002364   Section        0  stm32f1xx_hal_tim.o(i.HAL_TIM_ConfigClockSource)
    i.HAL_TIM_MspPostInit                    0x0800243c   Section        0  stm32f1xx_hal_msp.o(i.HAL_TIM_MspPostInit)
    i.HAL_TIM_PWM_ConfigChannel              0x08002488   Section        0  stm32f1xx_hal_tim.o(i.HAL_TIM_PWM_ConfigChannel)
    i.HAL_TIM_PWM_Init                       0x0800254e   Section        0  stm32f1xx_hal_tim.o(i.HAL_TIM_PWM_Init)
    i.HAL_TIM_PWM_MspInit                    0x080025a8   Section        0  stm32f1xx_hal_tim.o(i.HAL_TIM_PWM_MspInit)
    i.HAL_TIM_PWM_Start                      0x080025ac   Section        0  stm32f1xx_hal_tim.o(i.HAL_TIM_PWM_Start)
    i.HardFault_Handler                      0x08002648   Section        0  stm32f1xx_it.o(i.HardFault_Handler)
    i.I2C_IsAcknowledgeFailed                0x0800264a   Section        0  stm32f1xx_hal_i2c.o(i.I2C_IsAcknowledgeFailed)
    I2C_IsAcknowledgeFailed                  0x0800264b   Thumb Code    46  stm32f1xx_hal_i2c.o(i.I2C_IsAcknowledgeFailed)
    i.I2C_MasterRequestWrite                 0x08002678   Section        0  stm32f1xx_hal_i2c.o(i.I2C_MasterRequestWrite)
    I2C_MasterRequestWrite                   0x08002679   Thumb Code   150  stm32f1xx_hal_i2c.o(i.I2C_MasterRequestWrite)
    i.I2C_WaitOnBTFFlagUntilTimeout          0x08002714   Section        0  stm32f1xx_hal_i2c.o(i.I2C_WaitOnBTFFlagUntilTimeout)
    I2C_WaitOnBTFFlagUntilTimeout            0x08002715   Thumb Code    76  stm32f1xx_hal_i2c.o(i.I2C_WaitOnBTFFlagUntilTimeout)
    i.I2C_WaitOnFlagUntilTimeout             0x08002760   Section        0  stm32f1xx_hal_i2c.o(i.I2C_WaitOnFlagUntilTimeout)
    I2C_WaitOnFlagUntilTimeout               0x08002761   Thumb Code   104  stm32f1xx_hal_i2c.o(i.I2C_WaitOnFlagUntilTimeout)
    i.I2C_WaitOnMasterAddressFlagUntilTimeout 0x080027c8   Section        0  stm32f1xx_hal_i2c.o(i.I2C_WaitOnMasterAddressFlagUntilTimeout)
    I2C_WaitOnMasterAddressFlagUntilTimeout  0x080027c9   Thumb Code   150  stm32f1xx_hal_i2c.o(i.I2C_WaitOnMasterAddressFlagUntilTimeout)
    i.I2C_WaitOnTXEFlagUntilTimeout          0x0800285e   Section        0  stm32f1xx_hal_i2c.o(i.I2C_WaitOnTXEFlagUntilTimeout)
    I2C_WaitOnTXEFlagUntilTimeout            0x0800285f   Thumb Code    76  stm32f1xx_hal_i2c.o(i.I2C_WaitOnTXEFlagUntilTimeout)
    i.Keypad_Read                            0x080028ac   Section        0  main.o(i.Keypad_Read)
    i.MX_ADC1_Init                           0x08002940   Section        0  main.o(i.MX_ADC1_Init)
    MX_ADC1_Init                             0x08002941   Thumb Code    56  main.o(i.MX_ADC1_Init)
    i.MX_GPIO_Init                           0x08002980   Section        0  main.o(i.MX_GPIO_Init)
    MX_GPIO_Init                             0x08002981   Thumb Code   308  main.o(i.MX_GPIO_Init)
    i.MX_SPI1_Init                           0x08002ac8   Section        0  main.o(i.MX_SPI1_Init)
    MX_SPI1_Init                             0x08002ac9   Thumb Code    50  main.o(i.MX_SPI1_Init)
    i.MX_TIM2_Init                           0x08002b04   Section        0  main.o(i.MX_TIM2_Init)
    MX_TIM2_Init                             0x08002b05   Thumb Code    78  main.o(i.MX_TIM2_Init)
    i.MX_TIM3_Init                           0x08002b58   Section        0  main.o(i.MX_TIM3_Init)
    MX_TIM3_Init                             0x08002b59   Thumb Code   122  main.o(i.MX_TIM3_Init)
    i.MemManage_Handler                      0x08002bdc   Section        0  stm32f1xx_it.o(i.MemManage_Handler)
    i.NMI_Handler                            0x08002bde   Section        0  stm32f1xx_it.o(i.NMI_Handler)
    i.PendSV_Handler                         0x08002be0   Section        0  stm32f1xx_it.o(i.PendSV_Handler)
    i.SPI_EndRxTransaction                   0x08002be2   Section        0  stm32f1xx_hal_spi.o(i.SPI_EndRxTransaction)
    SPI_EndRxTransaction                     0x08002be3   Thumb Code    92  stm32f1xx_hal_spi.o(i.SPI_EndRxTransaction)
    i.SPI_EndRxTxTransaction                 0x08002c3e   Section        0  stm32f1xx_hal_spi.o(i.SPI_EndRxTxTransaction)
    SPI_EndRxTxTransaction                   0x08002c3f   Thumb Code    32  stm32f1xx_hal_spi.o(i.SPI_EndRxTxTransaction)
    i.SPI_WaitFlagStateUntilTimeout          0x08002c60   Section        0  stm32f1xx_hal_spi.o(i.SPI_WaitFlagStateUntilTimeout)
    SPI_WaitFlagStateUntilTimeout            0x08002c61   Thumb Code   180  stm32f1xx_hal_spi.o(i.SPI_WaitFlagStateUntilTimeout)
    i.SVC_Handler                            0x08002d18   Section        0  stm32f1xx_it.o(i.SVC_Handler)
    i.SysTick_Handler                        0x08002d1a   Section        0  stm32f1xx_it.o(i.SysTick_Handler)
    i.SystemClock_Config                     0x08002d1e   Section        0  main.o(i.SystemClock_Config)
    i.SystemInit                             0x08002d7e   Section        0  system_stm32f1xx.o(i.SystemInit)
    i.TIM_Base_SetConfig                     0x08002d80   Section        0  stm32f1xx_hal_tim.o(i.TIM_Base_SetConfig)
    i.TIM_CCxChannelCmd                      0x08002dec   Section        0  stm32f1xx_hal_tim.o(i.TIM_CCxChannelCmd)
    i.TIM_ETR_SetConfig                      0x08002e06   Section        0  stm32f1xx_hal_tim.o(i.TIM_ETR_SetConfig)
    i.TIM_ITRx_SetConfig                     0x08002e1a   Section        0  stm32f1xx_hal_tim.o(i.TIM_ITRx_SetConfig)
    TIM_ITRx_SetConfig                       0x08002e1b   Thumb Code    16  stm32f1xx_hal_tim.o(i.TIM_ITRx_SetConfig)
    i.TIM_OC1_SetConfig                      0x08002e2c   Section        0  stm32f1xx_hal_tim.o(i.TIM_OC1_SetConfig)
    TIM_OC1_SetConfig                        0x08002e2d   Thumb Code    74  stm32f1xx_hal_tim.o(i.TIM_OC1_SetConfig)
    i.TIM_OC2_SetConfig                      0x08002e7c   Section        0  stm32f1xx_hal_tim.o(i.TIM_OC2_SetConfig)
    i.TIM_OC3_SetConfig                      0x08002ed4   Section        0  stm32f1xx_hal_tim.o(i.TIM_OC3_SetConfig)
    TIM_OC3_SetConfig                        0x08002ed5   Thumb Code    82  stm32f1xx_hal_tim.o(i.TIM_OC3_SetConfig)
    i.TIM_OC4_SetConfig                      0x08002f2c   Section        0  stm32f1xx_hal_tim.o(i.TIM_OC4_SetConfig)
    TIM_OC4_SetConfig                        0x08002f2d   Thumb Code    64  stm32f1xx_hal_tim.o(i.TIM_OC4_SetConfig)
    i.TIM_TI1_ConfigInputStage               0x08002f70   Section        0  stm32f1xx_hal_tim.o(i.TIM_TI1_ConfigInputStage)
    TIM_TI1_ConfigInputStage                 0x08002f71   Thumb Code    34  stm32f1xx_hal_tim.o(i.TIM_TI1_ConfigInputStage)
    i.TIM_TI2_ConfigInputStage               0x08002f92   Section        0  stm32f1xx_hal_tim.o(i.TIM_TI2_ConfigInputStage)
    TIM_TI2_ConfigInputStage                 0x08002f93   Thumb Code    36  stm32f1xx_hal_tim.o(i.TIM_TI2_ConfigInputStage)
    i.UsageFault_Handler                     0x08002fb6   Section        0  stm32f1xx_it.o(i.UsageFault_Handler)
    i.__0sprintf                             0x08002fb8   Section        0  printfa.o(i.__0sprintf)
    i.__NVIC_SetPriority                     0x08002fe0   Section        0  stm32f1xx_hal_cortex.o(i.__NVIC_SetPriority)
    __NVIC_SetPriority                       0x08002fe1   Thumb Code    32  stm32f1xx_hal_cortex.o(i.__NVIC_SetPriority)
    i.__scatterload_copy                     0x08003000   Section       14  handlers.o(i.__scatterload_copy)
    i.__scatterload_null                     0x0800300e   Section        2  handlers.o(i.__scatterload_null)
    i.__scatterload_zeroinit                 0x08003010   Section       14  handlers.o(i.__scatterload_zeroinit)
    i._fp_digits                             0x08003020   Section        0  printfa.o(i._fp_digits)
    _fp_digits                               0x08003021   Thumb Code   334  printfa.o(i._fp_digits)
    i._printf_core                           0x08003184   Section        0  printfa.o(i._printf_core)
    _printf_core                             0x08003185   Thumb Code  1744  printfa.o(i._printf_core)
    i._printf_post_padding                   0x08003860   Section        0  printfa.o(i._printf_post_padding)
    _printf_post_padding                     0x08003861   Thumb Code    36  printfa.o(i._printf_post_padding)
    i._printf_pre_padding                    0x08003884   Section        0  printfa.o(i._printf_pre_padding)
    _printf_pre_padding                      0x08003885   Thumb Code    46  printfa.o(i._printf_pre_padding)
    i._sputc                                 0x080038b2   Section        0  printfa.o(i._sputc)
    _sputc                                   0x080038b3   Thumb Code    10  printfa.o(i._sputc)
    i.bufcl                                  0x080038bc   Section        0  main.o(i.bufcl)
    i.delay                                  0x080038d8   Section        0  main.o(i.delay)
    i.delay_1ms                              0x080038f0   Section        0  main.o(i.delay_1ms)
    i.free                                   0x08003908   Section        0  malloc.o(i.free)
    i.lcd_clear                              0x08003958   Section        0  i2c-lcd.o(i.lcd_clear)
    i.lcd_init                               0x08003970   Section        0  i2c-lcd.o(i.lcd_init)
    i.lcd_put_cur                            0x080039e8   Section        0  i2c-lcd.o(i.lcd_put_cur)
    i.lcd_send_cmd                           0x08003a00   Section        0  i2c-lcd.o(i.lcd_send_cmd)
    i.lcd_send_data                          0x08003a40   Section        0  i2c-lcd.o(i.lcd_send_data)
    i.lcd_send_string                        0x08003a80   Section        0  i2c-lcd.o(i.lcd_send_string)
    i.main                                   0x08003a94   Section        0  main.o(i.main)
    i.malloc                                 0x08003c30   Section        0  malloc.o(i.malloc)
    i.millis                                 0x08003c9c   Section        0  main.o(i.millis)
    i.millis_p                               0x08003cb4   Section        0  main.o(i.millis_p)
    i.num_adc                                0x08003cc4   Section        0  main.o(i.num_adc)
    i.num_read_fl                            0x08003db8   Section        0  main.o(i.num_read_fl)
    i.num_write_flash                        0x08004120   Section        0  main.o(i.num_write_flash)
    .constdata                               0x0800461c   Section       32  main.o(.constdata)
    .constdata                               0x0800463c   Section       16  system_stm32f1xx.o(.constdata)
    .constdata                               0x0800464c   Section        8  system_stm32f1xx.o(.constdata)
    .data                                    0x20000000   Section       32  main.o(.data)
    wait                                     0x20000000   Data           1  main.o(.data)
    count_temp                               0x20000002   Data           2  main.o(.data)
    stop                                     0x20000004   Data           2  main.o(.data)
    _write                                   0x20000006   Data           2  main.o(.data)
    key_x                                    0x20000008   Data           2  main.o(.data)
    key_c                                    0x2000000a   Data           2  main.o(.data)
    start                                    0x2000000c   Data           2  main.o(.data)
    check                                    0x2000000e   Data           2  main.o(.data)
    data_flash                               0x20000010   Data           2  main.o(.data)
    count                                    0x20000014   Data           4  main.o(.data)
    .data                                    0x20000020   Section       12  stm32f1xx_hal.o(.data)
    .data                                    0x2000002c   Section        4  system_stm32f1xx.o(.data)
    .data                                    0x20000030   Section        4  mvars.o(.data)
    .data                                    0x20000034   Section        4  mvars.o(.data)
    .bss                                     0x20000038   Section      380  main.o(.bss)
    .bss                                     0x200001b4   Section       68  main.o(.bss)
    HEAP                                     0x200001f8   Section      512  startup_stm32f103xb.o(HEAP)
    STACK                                    0x200003f8   Section     1024  startup_stm32f103xb.o(STACK)

    Global Symbols

    Symbol Name                              Value     Ov Type        Size  Object(Section)

    BuildAttributes$$THM_ISAv4$P$D$K$B$S$PE$A:L22UL41UL21$X:L11$S22US41US21$IEEE1$IW$USESV6$~STKCKD$USESV7$~SHL$OTIME$ROPI$EBA8$MICROLIB$REQ8$PRES8$EABIv2 0x00000000   Number         0  anon$$obj.o ABSOLUTE
    __ARM_use_no_argv                        0x00000000   Number         0  main.o ABSOLUTE
    _printf_a                                0x00000000   Number         0  stubs.o ABSOLUTE
    _printf_c                                0x00000000   Number         0  stubs.o ABSOLUTE
    _printf_charcount                        0x00000000   Number         0  stubs.o ABSOLUTE
    _printf_d                                0x00000000   Number         0  stubs.o ABSOLUTE
    _printf_e                                0x00000000   Number         0  stubs.o ABSOLUTE
    _printf_f                                0x00000000   Number         0  stubs.o ABSOLUTE
    _printf_flags                            0x00000000   Number         0  stubs.o ABSOLUTE
    _printf_fp_dec                           0x00000000   Number         0  stubs.o ABSOLUTE
    _printf_fp_hex                           0x00000000   Number         0  stubs.o ABSOLUTE
    _printf_g                                0x00000000   Number         0  stubs.o ABSOLUTE
    _printf_i                                0x00000000   Number         0  stubs.o ABSOLUTE
    _printf_int_dec                          0x00000000   Number         0  stubs.o ABSOLUTE
    _printf_l                                0x00000000   Number         0  stubs.o ABSOLUTE
    _printf_lc                               0x00000000   Number         0  stubs.o ABSOLUTE
    _printf_ll                               0x00000000   Number         0  stubs.o ABSOLUTE
    _printf_lld                              0x00000000   Number         0  stubs.o ABSOLUTE
    _printf_lli                              0x00000000   Number         0  stubs.o ABSOLUTE
    _printf_llo                              0x00000000   Number         0  stubs.o ABSOLUTE
    _printf_llu                              0x00000000   Number         0  stubs.o ABSOLUTE
    _printf_llx                              0x00000000   Number         0  stubs.o ABSOLUTE
    _printf_longlong_dec                     0x00000000   Number         0  stubs.o ABSOLUTE
    _printf_longlong_hex                     0x00000000   Number         0  stubs.o ABSOLUTE
    _printf_longlong_oct                     0x00000000   Number         0  stubs.o ABSOLUTE
    _printf_ls                               0x00000000   Number         0  stubs.o ABSOLUTE
    _printf_mbtowc                           0x00000000   Number         0  stubs.o ABSOLUTE
    _printf_n                                0x00000000   Number         0  stubs.o ABSOLUTE
    _printf_o                                0x00000000   Number         0  stubs.o ABSOLUTE
    _printf_p                                0x00000000   Number         0  stubs.o ABSOLUTE
    _printf_percent                          0x00000000   Number         0  stubs.o ABSOLUTE
    _printf_pre_padding                      0x00000000   Number         0  stubs.o ABSOLUTE
    _printf_return_value                     0x00000000   Number         0  stubs.o ABSOLUTE
    _printf_s                                0x00000000   Number         0  stubs.o ABSOLUTE
    _printf_sizespec                         0x00000000   Number         0  stubs.o ABSOLUTE
    _printf_str                              0x00000000   Number         0  stubs.o ABSOLUTE
    _printf_truncate_signed                  0x00000000   Number         0  stubs.o ABSOLUTE
    _printf_truncate_unsigned                0x00000000   Number         0  stubs.o ABSOLUTE
    _printf_u                                0x00000000   Number         0  stubs.o ABSOLUTE
    _printf_wc                               0x00000000   Number         0  stubs.o ABSOLUTE
    _printf_wctomb                           0x00000000   Number         0  stubs.o ABSOLUTE
    _printf_widthprec                        0x00000000   Number         0  stubs.o ABSOLUTE
    _printf_x                                0x00000000   Number         0  stubs.o ABSOLUTE
    __cpp_initialize__aeabi_                  - Undefined Weak Reference
    __cxa_finalize                            - Undefined Weak Reference
    __decompress                              - Undefined Weak Reference
    _clock_init                               - Undefined Weak Reference
    _microlib_exit                            - Undefined Weak Reference
    __Vectors_Size                           0x000000ec   Number         0  startup_stm32f103xb.o ABSOLUTE
    __Vectors                                0x08000000   Data           4  startup_stm32f103xb.o(RESET)
    __Vectors_End                            0x080000ec   Data           0  startup_stm32f103xb.o(RESET)
    __main                                   0x080000ed   Thumb Code     0  entry.o(.ARM.Collect$$$$00000000)
    _main_stk                                0x080000ed   Thumb Code     0  entry2.o(.ARM.Collect$$$$00000001)
    _main_scatterload                        0x080000f1   Thumb Code     0  entry5.o(.ARM.Collect$$$$00000004)
    __main_after_scatterload                 0x080000f5   Thumb Code     0  entry5.o(.ARM.Collect$$$$00000004)
    _main_clock                              0x080000f5   Thumb Code     0  entry7b.o(.ARM.Collect$$$$00000008)
    _main_cpp_init                           0x080000f5   Thumb Code     0  entry8b.o(.ARM.Collect$$$$0000000A)
    _main_init                               0x080000f5   Thumb Code     0  entry9a.o(.ARM.Collect$$$$0000000B)
    __rt_final_cpp                           0x080000fd   Thumb Code     0  entry10a.o(.ARM.Collect$$$$0000000D)
    __rt_final_exit                          0x080000fd   Thumb Code     0  entry11a.o(.ARM.Collect$$$$0000000F)
    Reset_Handler                            0x08000101   Thumb Code     8  startup_stm32f103xb.o(.text)
    CAN1_RX1_IRQHandler                      0x0800011b   Thumb Code     0  startup_stm32f103xb.o(.text)
    CAN1_SCE_IRQHandler                      0x0800011b   Thumb Code     0  startup_stm32f103xb.o(.text)
    DMA1_Channel2_IRQHandler                 0x0800011b   Thumb Code     0  startup_stm32f103xb.o(.text)
    DMA1_Channel3_IRQHandler                 0x0800011b   Thumb Code     0  startup_stm32f103xb.o(.text)
    DMA1_Channel4_IRQHandler                 0x0800011b   Thumb Code     0  startup_stm32f103xb.o(.text)
    DMA1_Channel5_IRQHandler                 0x0800011b   Thumb Code     0  startup_stm32f103xb.o(.text)
    DMA1_Channel6_IRQHandler                 0x0800011b   Thumb Code     0  startup_stm32f103xb.o(.text)
    DMA1_Channel7_IRQHandler                 0x0800011b   Thumb Code     0  startup_stm32f103xb.o(.text)
    EXTI0_IRQHandler                         0x0800011b   Thumb Code     0  startup_stm32f103xb.o(.text)
    EXTI15_10_IRQHandler                     0x0800011b   Thumb Code     0  startup_stm32f103xb.o(.text)
    EXTI3_IRQHandler                         0x0800011b   Thumb Code     0  startup_stm32f103xb.o(.text)
    EXTI4_IRQHandler                         0x0800011b   Thumb Code     0  startup_stm32f103xb.o(.text)
    EXTI9_5_IRQHandler                       0x0800011b   Thumb Code     0  startup_stm32f103xb.o(.text)
    FLASH_IRQHandler                         0x0800011b   Thumb Code     0  startup_stm32f103xb.o(.text)
    I2C1_ER_IRQHandler                       0x0800011b   Thumb Code     0  startup_stm32f103xb.o(.text)
    I2C1_EV_IRQHandler                       0x0800011b   Thumb Code     0  startup_stm32f103xb.o(.text)
    I2C2_ER_IRQHandler                       0x0800011b   Thumb Code     0  startup_stm32f103xb.o(.text)
    I2C2_EV_IRQHandler                       0x0800011b   Thumb Code     0  startup_stm32f103xb.o(.text)
    PVD_IRQHandler                           0x0800011b   Thumb Code     0  startup_stm32f103xb.o(.text)
    RCC_IRQHandler                           0x0800011b   Thumb Code     0  startup_stm32f103xb.o(.text)
    RTC_Alarm_IRQHandler                     0x0800011b   Thumb Code     0  startup_stm32f103xb.o(.text)
    RTC_IRQHandler                           0x0800011b   Thumb Code     0  startup_stm32f103xb.o(.text)
    SPI1_IRQHandler                          0x0800011b   Thumb Code     0  startup_stm32f103xb.o(.text)
    SPI2_IRQHandler                          0x0800011b   Thumb Code     0  startup_stm32f103xb.o(.text)
    TAMPER_IRQHandler                        0x0800011b   Thumb Code     0  startup_stm32f103xb.o(.text)
    TIM1_BRK_IRQHandler                      0x0800011b   Thumb Code     0  startup_stm32f103xb.o(.text)
    TIM1_CC_IRQHandler                       0x0800011b   Thumb Code     0  startup_stm32f103xb.o(.text)
    TIM1_TRG_COM_IRQHandler                  0x0800011b   Thumb Code     0  startup_stm32f103xb.o(.text)
    TIM1_UP_IRQHandler                       0x0800011b   Thumb Code     0  startup_stm32f103xb.o(.text)
    TIM2_IRQHandler                          0x0800011b   Thumb Code     0  startup_stm32f103xb.o(.text)
    TIM3_IRQHandler                          0x0800011b   Thumb Code     0  startup_stm32f103xb.o(.text)
    TIM4_IRQHandler                          0x0800011b   Thumb Code     0  startup_stm32f103xb.o(.text)
    USART1_IRQHandler                        0x0800011b   Thumb Code     0  startup_stm32f103xb.o(.text)
    USART2_IRQHandler                        0x0800011b   Thumb Code     0  startup_stm32f103xb.o(.text)
    USART3_IRQHandler                        0x0800011b   Thumb Code     0  startup_stm32f103xb.o(.text)
    USBWakeUp_IRQHandler                     0x0800011b   Thumb Code     0  startup_stm32f103xb.o(.text)
    USB_HP_CAN1_TX_IRQHandler                0x0800011b   Thumb Code     0  startup_stm32f103xb.o(.text)
    USB_LP_CAN1_RX0_IRQHandler               0x0800011b   Thumb Code     0  startup_stm32f103xb.o(.text)
    WWDG_IRQHandler                          0x0800011b   Thumb Code     0  startup_stm32f103xb.o(.text)
    __aeabi_llsr                             0x08000125   Thumb Code    32  llushr.o(.text)
    _ll_ushift_r                             0x08000125   Thumb Code     0  llushr.o(.text)
    __aeabi_memset                           0x08000145   Thumb Code    14  memseta.o(.text)
    __aeabi_memset4                          0x08000145   Thumb Code     0  memseta.o(.text)
    __aeabi_memset8                          0x08000145   Thumb Code     0  memseta.o(.text)
    __aeabi_memclr                           0x08000153   Thumb Code     4  memseta.o(.text)
    __aeabi_memclr4                          0x08000153   Thumb Code     0  memseta.o(.text)
    __aeabi_memclr8                          0x08000153   Thumb Code     0  memseta.o(.text)
    _memset$wrapper                          0x08000157   Thumb Code    18  memseta.o(.text)
    __aeabi_fadd                             0x08000169   Thumb Code   164  fadd.o(.text)
    __aeabi_fsub                             0x0800020d   Thumb Code     6  fadd.o(.text)
    __aeabi_frsub                            0x08000213   Thumb Code     6  fadd.o(.text)
    __ARM_scalbnf                            0x08000219   Thumb Code    24  fscalb.o(.text)
    scalbnf                                  0x08000219   Thumb Code     0  fscalb.o(.text)
    __aeabi_ui2f                             0x08000231   Thumb Code    10  ffltui.o(.text)
    __aeabi_f2uiz                            0x0800023b   Thumb Code    40  ffixui.o(.text)
    __aeabi_f2d                              0x08000263   Thumb Code    38  f2d.o(.text)
    __aeabi_cfcmpeq                          0x08000289   Thumb Code     0  cfcmple.o(.text)
    __aeabi_cfcmple                          0x08000289   Thumb Code    20  cfcmple.o(.text)
    __aeabi_cfrcmple                         0x0800029d   Thumb Code    20  cfrcmple.o(.text)
    __aeabi_uidiv                            0x080002b1   Thumb Code     0  uidiv.o(.text)
    __aeabi_uidivmod                         0x080002b1   Thumb Code    44  uidiv.o(.text)
    __aeabi_uldivmod                         0x080002dd   Thumb Code    98  uldiv.o(.text)
    __I$use$fp                               0x0800033f   Thumb Code     0  iusefp.o(.text)
    _float_round                             0x0800033f   Thumb Code    18  fepilogue.o(.text)
    _float_epilogue                          0x08000351   Thumb Code    92  fepilogue.o(.text)
    __aeabi_dadd                             0x080003ad   Thumb Code   322  dadd.o(.text)
    __aeabi_dsub                             0x080004ef   Thumb Code     6  dadd.o(.text)
    __aeabi_drsub                            0x080004f5   Thumb Code     6  dadd.o(.text)
    __aeabi_dmul                             0x080004fb   Thumb Code   228  dmul.o(.text)
    __aeabi_ddiv                             0x080005df   Thumb Code   222  ddiv.o(.text)
    __aeabi_d2ulz                            0x080006bd   Thumb Code    48  dfixul.o(.text)
    __aeabi_cdrcmple                         0x080006ed   Thumb Code    38  cdrcmple.o(.text)
    __scatterload                            0x08000715   Thumb Code    28  init.o(.text)
    __scatterload_rt2                        0x08000715   Thumb Code     0  init.o(.text)
    __aeabi_llsl                             0x08000739   Thumb Code    30  llshl.o(.text)
    _ll_shift_l                              0x08000739   Thumb Code     0  llshl.o(.text)
    __aeabi_lasr                             0x08000757   Thumb Code    36  llsshr.o(.text)
    _ll_sshift_r                             0x08000757   Thumb Code     0  llsshr.o(.text)
    _double_round                            0x0800077b   Thumb Code    26  depilogue.o(.text)
    _double_epilogue                         0x08000795   Thumb Code   156  depilogue.o(.text)
    ADC1_2_IRQHandler                        0x08000831   Thumb Code     6  stm32f1xx_it.o(i.ADC1_2_IRQHandler)
    ADC_ConversionStop_Disable               0x0800083d   Thumb Code    86  stm32f1xx_hal_adc.o(i.ADC_ConversionStop_Disable)
    ADC_Enable                               0x08000895   Thumb Code   114  stm32f1xx_hal_adc.o(i.ADC_Enable)
    BusFault_Handler                         0x08000911   Thumb Code     2  stm32f1xx_it.o(i.BusFault_Handler)
    DMA1_Channel1_IRQHandler                 0x08000915   Thumb Code     6  stm32f1xx_it.o(i.DMA1_Channel1_IRQHandler)
    DebugMon_Handler                         0x08000921   Thumb Code     2  stm32f1xx_it.o(i.DebugMon_Handler)
    EXTI1_IRQHandler                         0x08000923   Thumb Code     6  stm32f1xx_it.o(i.EXTI1_IRQHandler)
    EXTI2_IRQHandler                         0x08000929   Thumb Code     6  stm32f1xx_it.o(i.EXTI2_IRQHandler)
    Error_Handler                            0x0800092f   Thumb Code     2  main.o(i.Error_Handler)
    Flash_Read_Array_16bit                   0x08000969   Thumb Code   112  flash.o(i.Flash_Read_Array_16bit)
    Flash_Read_Uint                          0x080009e1   Thumb Code    30  flash.o(i.Flash_Read_Uint)
    Flash_Write_Array_16bit                  0x08000a05   Thumb Code    76  flash.o(i.Flash_Write_Array_16bit)
    Flash_Write_Uint                         0x08000a55   Thumb Code    64  flash.o(i.Flash_Write_Uint)
    HAL_ADCEx_InjectedConvCpltCallback       0x08000a99   Thumb Code     2  stm32f1xx_hal_adc_ex.o(i.HAL_ADCEx_InjectedConvCpltCallback)
    HAL_ADC_ConfigChannel                    0x08000a9d   Thumb Code   240  stm32f1xx_hal_adc.o(i.HAL_ADC_ConfigChannel)
    HAL_ADC_ConvCpltCallback                 0x08000b99   Thumb Code    22  main.o(i.HAL_ADC_ConvCpltCallback)
    HAL_ADC_GetValue                         0x08000bb9   Thumb Code     6  stm32f1xx_hal_adc.o(i.HAL_ADC_GetValue)
    HAL_ADC_IRQHandler                       0x08000bbf   Thumb Code   230  stm32f1xx_hal_adc.o(i.HAL_ADC_IRQHandler)
    HAL_ADC_Init                             0x08000ca5   Thumb Code   272  stm32f1xx_hal_adc.o(i.HAL_ADC_Init)
    HAL_ADC_LevelOutOfWindowCallback         0x08000dc1   Thumb Code     2  stm32f1xx_hal_adc.o(i.HAL_ADC_LevelOutOfWindowCallback)
    HAL_ADC_MspInit                          0x08000dc5   Thumb Code   136  stm32f1xx_hal_msp.o(i.HAL_ADC_MspInit)
    HAL_ADC_Start_IT                         0x08000e61   Thumb Code   194  stm32f1xx_hal_adc.o(i.HAL_ADC_Start_IT)
    HAL_DMA_IRQHandler                       0x08000f2d   Thumb Code   316  stm32f1xx_hal_dma.o(i.HAL_DMA_IRQHandler)
    HAL_DMA_Init                             0x08001081   Thumb Code    84  stm32f1xx_hal_dma.o(i.HAL_DMA_Init)
    HAL_Delay                                0x080010dd   Thumb Code    32  stm32f1xx_hal.o(i.HAL_Delay)
    HAL_FLASH_Lock                           0x08001101   Thumb Code    14  stm32f1xx_hal_flash.o(i.HAL_FLASH_Lock)
    HAL_FLASH_Unlock                         0x08001115   Thumb Code    28  stm32f1xx_hal_flash.o(i.HAL_FLASH_Unlock)
    HAL_GPIO_EXTI_Callback                   0x0800113d   Thumb Code    42  main.o(i.HAL_GPIO_EXTI_Callback)
    HAL_GPIO_EXTI_IRQHandler                 0x0800116d   Thumb Code    18  stm32f1xx_hal_gpio.o(i.HAL_GPIO_EXTI_IRQHandler)
    HAL_GPIO_Init                            0x08001185   Thumb Code   446  stm32f1xx_hal_gpio.o(i.HAL_GPIO_Init)
    HAL_GPIO_ReadPin                         0x08001365   Thumb Code    10  stm32f1xx_hal_gpio.o(i.HAL_GPIO_ReadPin)
    HAL_GPIO_WritePin                        0x0800136f   Thumb Code    10  stm32f1xx_hal_gpio.o(i.HAL_GPIO_WritePin)
    HAL_GetTick                              0x08001379   Thumb Code     6  stm32f1xx_hal.o(i.HAL_GetTick)
    HAL_I2C_Init                             0x08001385   Thumb Code   364  stm32f1xx_hal_i2c.o(i.HAL_I2C_Init)
    HAL_I2C_Master_Transmit                  0x08001501   Thumb Code   290  stm32f1xx_hal_i2c.o(i.HAL_I2C_Master_Transmit)
    HAL_I2C_MspInit                          0x0800162d   Thumb Code    80  stm32f1xx_hal_msp.o(i.HAL_I2C_MspInit)
    HAL_IncTick                              0x08001689   Thumb Code    12  stm32f1xx_hal.o(i.HAL_IncTick)
    HAL_Init                                 0x08001699   Thumb Code    32  stm32f1xx_hal.o(i.HAL_Init)
    HAL_InitTick                             0x080016bd   Thumb Code    54  stm32f1xx_hal.o(i.HAL_InitTick)
    HAL_MspInit                              0x080016fd   Thumb Code    52  stm32f1xx_hal_msp.o(i.HAL_MspInit)
    HAL_NVIC_EnableIRQ                       0x08001739   Thumb Code    26  stm32f1xx_hal_cortex.o(i.HAL_NVIC_EnableIRQ)
    HAL_NVIC_SetPriority                     0x08001755   Thumb Code    60  stm32f1xx_hal_cortex.o(i.HAL_NVIC_SetPriority)
    HAL_NVIC_SetPriorityGrouping             0x08001795   Thumb Code    26  stm32f1xx_hal_cortex.o(i.HAL_NVIC_SetPriorityGrouping)
    HAL_RCCEx_PeriphCLKConfig                0x080017b9   Thumb Code   224  stm32f1xx_hal_rcc_ex.o(i.HAL_RCCEx_PeriphCLKConfig)
    HAL_RCC_ClockConfig                      0x080018a5   Thumb Code   280  stm32f1xx_hal_rcc.o(i.HAL_RCC_ClockConfig)
    HAL_RCC_GetPCLK1Freq                     0x080019d1   Thumb Code    20  stm32f1xx_hal_rcc.o(i.HAL_RCC_GetPCLK1Freq)
    HAL_RCC_GetSysClockFreq                  0x080019f1   Thumb Code    74  stm32f1xx_hal_rcc.o(i.HAL_RCC_GetSysClockFreq)
    HAL_RCC_OscConfig                        0x08001a5d   Thumb Code   778  stm32f1xx_hal_rcc.o(i.HAL_RCC_OscConfig)
    HAL_SPI_Init                             0x08001d7d   Thumb Code   178  stm32f1xx_hal_spi.o(i.HAL_SPI_Init)
    HAL_SPI_MspInit                          0x08001e31   Thumb Code   112  stm32f1xx_hal_msp.o(i.HAL_SPI_MspInit)
    HAL_SPI_Receive                          0x08001eb1   Thumb Code   346  stm32f1xx_hal_spi.o(i.HAL_SPI_Receive)
    HAL_SPI_TransmitReceive                  0x0800200b   Thumb Code   482  stm32f1xx_hal_spi.o(i.HAL_SPI_TransmitReceive)
    HAL_SYSTICK_Config                       0x080021ed   Thumb Code    40  stm32f1xx_hal_cortex.o(i.HAL_SYSTICK_Config)
    HAL_TIMEx_MasterConfigSynchronization    0x08002215   Thumb Code    92  stm32f1xx_hal_tim_ex.o(i.HAL_TIMEx_MasterConfigSynchronization)
    HAL_TIM_Base_Init                        0x0800227d   Thumb Code    90  stm32f1xx_hal_tim.o(i.HAL_TIM_Base_Init)
    HAL_TIM_Base_MspInit                     0x080022d9   Thumb Code    52  stm32f1xx_hal_msp.o(i.HAL_TIM_Base_MspInit)
    HAL_TIM_Base_Start                       0x08002315   Thumb Code    66  stm32f1xx_hal_tim.o(i.HAL_TIM_Base_Start)
    HAL_TIM_ConfigClockSource                0x08002365   Thumb Code   214  stm32f1xx_hal_tim.o(i.HAL_TIM_ConfigClockSource)
    HAL_TIM_MspPostInit                      0x0800243d   Thumb Code    62  stm32f1xx_hal_msp.o(i.HAL_TIM_MspPostInit)
    HAL_TIM_PWM_ConfigChannel                0x08002489   Thumb Code   198  stm32f1xx_hal_tim.o(i.HAL_TIM_PWM_ConfigChannel)
    HAL_TIM_PWM_Init                         0x0800254f   Thumb Code    90  stm32f1xx_hal_tim.o(i.HAL_TIM_PWM_Init)
    HAL_TIM_PWM_MspInit                      0x080025a9   Thumb Code     2  stm32f1xx_hal_tim.o(i.HAL_TIM_PWM_MspInit)
    HAL_TIM_PWM_Start                        0x080025ad   Thumb Code   144  stm32f1xx_hal_tim.o(i.HAL_TIM_PWM_Start)
    HardFault_Handler                        0x08002649   Thumb Code     2  stm32f1xx_it.o(i.HardFault_Handler)
    Keypad_Read                              0x080028ad   Thumb Code   134  main.o(i.Keypad_Read)
    MemManage_Handler                        0x08002bdd   Thumb Code     2  stm32f1xx_it.o(i.MemManage_Handler)
    NMI_Handler                              0x08002bdf   Thumb Code     2  stm32f1xx_it.o(i.NMI_Handler)
    PendSV_Handler                           0x08002be1   Thumb Code     2  stm32f1xx_it.o(i.PendSV_Handler)
    SVC_Handler                              0x08002d19   Thumb Code     2  stm32f1xx_it.o(i.SVC_Handler)
    SysTick_Handler                          0x08002d1b   Thumb Code     4  stm32f1xx_it.o(i.SysTick_Handler)
    SystemClock_Config                       0x08002d1f   Thumb Code    96  main.o(i.SystemClock_Config)
    SystemInit                               0x08002d7f   Thumb Code     2  system_stm32f1xx.o(i.SystemInit)
    TIM_Base_SetConfig                       0x08002d81   Thumb Code    94  stm32f1xx_hal_tim.o(i.TIM_Base_SetConfig)
    TIM_CCxChannelCmd                        0x08002ded   Thumb Code    26  stm32f1xx_hal_tim.o(i.TIM_CCxChannelCmd)
    TIM_ETR_SetConfig                        0x08002e07   Thumb Code    20  stm32f1xx_hal_tim.o(i.TIM_ETR_SetConfig)
    TIM_OC2_SetConfig                        0x08002e7d   Thumb Code    84  stm32f1xx_hal_tim.o(i.TIM_OC2_SetConfig)
    UsageFault_Handler                       0x08002fb7   Thumb Code     2  stm32f1xx_it.o(i.UsageFault_Handler)
    __0sprintf                               0x08002fb9   Thumb Code    34  printfa.o(i.__0sprintf)
    __1sprintf                               0x08002fb9   Thumb Code     0  printfa.o(i.__0sprintf)
    __2sprintf                               0x08002fb9   Thumb Code     0  printfa.o(i.__0sprintf)
    __c89sprintf                             0x08002fb9   Thumb Code     0  printfa.o(i.__0sprintf)
    sprintf                                  0x08002fb9   Thumb Code     0  printfa.o(i.__0sprintf)
    __scatterload_copy                       0x08003001   Thumb Code    14  handlers.o(i.__scatterload_copy)
    __scatterload_null                       0x0800300f   Thumb Code     2  handlers.o(i.__scatterload_null)
    __scatterload_zeroinit                   0x08003011   Thumb Code    14  handlers.o(i.__scatterload_zeroinit)
    bufcl                                    0x080038bd   Thumb Code    22  main.o(i.bufcl)
    delay                                    0x080038d9   Thumb Code    22  main.o(i.delay)
    delay_1ms                                0x080038f1   Thumb Code    18  main.o(i.delay_1ms)
    free                                     0x08003909   Thumb Code    76  malloc.o(i.free)
    lcd_clear                                0x08003959   Thumb Code    24  i2c-lcd.o(i.lcd_clear)
    lcd_init                                 0x08003971   Thumb Code   120  i2c-lcd.o(i.lcd_init)
    lcd_put_cur                              0x080039e9   Thumb Code    24  i2c-lcd.o(i.lcd_put_cur)
    lcd_send_cmd                             0x08003a01   Thumb Code    58  i2c-lcd.o(i.lcd_send_cmd)
    lcd_send_data                            0x08003a41   Thumb Code    58  i2c-lcd.o(i.lcd_send_data)
    lcd_send_string                          0x08003a81   Thumb Code    20  i2c-lcd.o(i.lcd_send_string)
    main                                     0x08003a95   Thumb Code   340  main.o(i.main)
    malloc                                   0x08003c31   Thumb Code    92  malloc.o(i.malloc)
    millis                                   0x08003c9d   Thumb Code    18  main.o(i.millis)
    millis_p                                 0x08003cb5   Thumb Code    10  main.o(i.millis_p)
    num_adc                                  0x08003cc5   Thumb Code   210  main.o(i.num_adc)
    num_read_fl                              0x08003db9   Thumb Code   730  main.o(i.num_read_fl)
    num_write_flash                          0x08004121   Thumb Code  1274  main.o(i.num_write_flash)
    AHBPrescTable                            0x0800463c   Data          16  system_stm32f1xx.o(.constdata)
    APBPrescTable                            0x0800464c   Data           8  system_stm32f1xx.o(.constdata)
    Region$$Table$$Base                      0x08004654   Number         0  anon$$obj.o(Region$$Table)
    Region$$Table$$Limit                     0x08004674   Number         0  anon$$obj.o(Region$$Table)
    TCF                                      0x20000001   Data           1  main.o(.data)
    adc_timer                                0x20000012   Data           2  main.o(.data)
    tem                                      0x20000018   Data           4  main.o(.data)
    rawValue                                 0x2000001c   Data           4  main.o(.data)
    uwTickFreq                               0x20000020   Data           1  stm32f1xx_hal.o(.data)
    uwTickPrio                               0x20000024   Data           4  stm32f1xx_hal.o(.data)
    uwTick                                   0x20000028   Data           4  stm32f1xx_hal.o(.data)
    SystemCoreClock                          0x2000002c   Data           4  system_stm32f1xx.o(.data)
    __microlib_freelist                      0x20000030   Data           4  mvars.o(.data)
    __microlib_freelist_initialised          0x20000034   Data           4  mvars.o(.data)
    buf                                      0x20000038   Data          16  main.o(.bss)
    hadc1                                    0x20000048   Data          48  main.o(.bss)
    hi2c1                                    0x20000078   Data          84  main.o(.bss)
    hspi1                                    0x200000cc   Data          88  main.o(.bss)
    htim2                                    0x20000124   Data          72  main.o(.bss)
    htim3                                    0x2000016c   Data          72  main.o(.bss)
    hdma_adc1                                0x200001b4   Data          68  main.o(.bss)
    __heap_base                              0x200001f8   Data           0  startup_stm32f103xb.o(HEAP)
    __heap_limit                             0x200003f8   Data           0  startup_stm32f103xb.o(HEAP)
    __initial_sp                             0x200007f8   Data           0  startup_stm32f103xb.o(STACK)



==============================================================================

Memory Map of the image

  Image Entry point : 0x080000ed

  Load Region LR_IROM1 (Base: 0x08000000, Size: 0x000046ac, Max: 0x00010000, ABSOLUTE)

    Execution Region ER_IROM1 (Base: 0x08000000, Size: 0x00004674, Max: 0x00010000, ABSOLUTE)

    Base Addr    Size         Type   Attr      Idx    E Section Name        Object

    0x08000000   0x000000ec   Data   RO            3    RESET               startup_stm32f103xb.o
    0x080000ec   0x00000000   Code   RO         3701  * .ARM.Collect$$$$00000000  mc_w.l(entry.o)
    0x080000ec   0x00000004   Code   RO         4011    .ARM.Collect$$$$00000001  mc_w.l(entry2.o)
    0x080000f0   0x00000004   Code   RO         4014    .ARM.Collect$$$$00000004  mc_w.l(entry5.o)
    0x080000f4   0x00000000   Code   RO         4016    .ARM.Collect$$$$00000008  mc_w.l(entry7b.o)
    0x080000f4   0x00000000   Code   RO         4018    .ARM.Collect$$$$0000000A  mc_w.l(entry8b.o)
    0x080000f4   0x00000008   Code   RO         4019    .ARM.Collect$$$$0000000B  mc_w.l(entry9a.o)
    0x080000fc   0x00000000   Code   RO         4021    .ARM.Collect$$$$0000000D  mc_w.l(entry10a.o)
    0x080000fc   0x00000000   Code   RO         4023    .ARM.Collect$$$$0000000F  mc_w.l(entry11a.o)
    0x080000fc   0x00000004   Code   RO         4012    .ARM.Collect$$$$00002712  mc_w.l(entry2.o)
    0x08000100   0x00000024   Code   RO            4    .text               startup_stm32f103xb.o
    0x08000124   0x00000020   Code   RO         3704    .text               mc_w.l(llushr.o)
    0x08000144   0x00000024   Code   RO         3706    .text               mc_w.l(memseta.o)
    0x08000168   0x000000b0   Code   RO         3997    .text               mf_w.l(fadd.o)
    0x08000218   0x00000018   Code   RO         3999    .text               mf_w.l(fscalb.o)
    0x08000230   0x0000000a   Code   RO         4001    .text               mf_w.l(ffltui.o)
    0x0800023a   0x00000028   Code   RO         4003    .text               mf_w.l(ffixui.o)
    0x08000262   0x00000026   Code   RO         4005    .text               mf_w.l(f2d.o)
    0x08000288   0x00000014   Code   RO         4007    .text               mf_w.l(cfcmple.o)
    0x0800029c   0x00000014   Code   RO         4009    .text               mf_w.l(cfrcmple.o)
    0x080002b0   0x0000002c   Code   RO         4028    .text               mc_w.l(uidiv.o)
    0x080002dc   0x00000062   Code   RO         4030    .text               mc_w.l(uldiv.o)
    0x0800033e   0x00000000   Code   RO         4038    .text               mc_w.l(iusefp.o)
    0x0800033e   0x0000006e   Code   RO         4039    .text               mf_w.l(fepilogue.o)
    0x080003ac   0x0000014e   Code   RO         4041    .text               mf_w.l(dadd.o)
    0x080004fa   0x000000e4   Code   RO         4043    .text               mf_w.l(dmul.o)
    0x080005de   0x000000de   Code   RO         4045    .text               mf_w.l(ddiv.o)
    0x080006bc   0x00000030   Code   RO         4047    .text               mf_w.l(dfixul.o)
    0x080006ec   0x00000028   Code   RO         4049    .text               mf_w.l(cdrcmple.o)
    0x08000714   0x00000024   Code   RO         4051    .text               mc_w.l(init.o)
    0x08000738   0x0000001e   Code   RO         4054    .text               mc_w.l(llshl.o)
    0x08000756   0x00000024   Code   RO         4056    .text               mc_w.l(llsshr.o)
    0x0800077a   0x000000b6   Code   RO         4059    .text               mf_w.l(depilogue.o)
    0x08000830   0x0000000c   Code   RO          473    i.ADC1_2_IRQHandler  stm32f1xx_it.o
    0x0800083c   0x00000056   Code   RO          688    i.ADC_ConversionStop_Disable  stm32f1xx_hal_adc.o
    0x08000892   0x00000002   PAD
    0x08000894   0x0000007c   Code   RO          692    i.ADC_Enable        stm32f1xx_hal_adc.o
    0x08000910   0x00000002   Code   RO          474    i.BusFault_Handler  stm32f1xx_it.o
    0x08000912   0x00000002   PAD
    0x08000914   0x0000000c   Code   RO          475    i.DMA1_Channel1_IRQHandler  stm32f1xx_it.o
    0x08000920   0x00000002   Code   RO          476    i.DebugMon_Handler  stm32f1xx_it.o
    0x08000922   0x00000006   Code   RO          477    i.EXTI1_IRQHandler  stm32f1xx_it.o
    0x08000928   0x00000006   Code   RO          478    i.EXTI2_IRQHandler  stm32f1xx_it.o
    0x0800092e   0x00000002   Code   RO          275    i.Error_Handler     main.o
    0x08000930   0x00000038   Code   RO           13    i.Flash_Erase       flash.o
    0x08000968   0x00000078   Code   RO           14    i.Flash_Read_Array_16bit  flash.o
    0x080009e0   0x00000024   Code   RO           17    i.Flash_Read_Uint   flash.o
    0x08000a04   0x00000050   Code   RO           18    i.Flash_Write_Array_16bit  flash.o
    0x08000a54   0x00000044   Code   RO           21    i.Flash_Write_Uint  flash.o
    0x08000a98   0x00000002   Code   RO          870    i.HAL_ADCEx_InjectedConvCpltCallback  stm32f1xx_hal_adc_ex.o
    0x08000a9a   0x00000002   PAD
    0x08000a9c   0x000000fc   Code   RO          694    i.HAL_ADC_ConfigChannel  stm32f1xx_hal_adc.o
    0x08000b98   0x00000020   Code   RO          276    i.HAL_ADC_ConvCpltCallback  main.o
    0x08000bb8   0x00000006   Code   RO          701    i.HAL_ADC_GetValue  stm32f1xx_hal_adc.o
    0x08000bbe   0x000000e6   Code   RO          702    i.HAL_ADC_IRQHandler  stm32f1xx_hal_adc.o
    0x08000ca4   0x0000011c   Code   RO          703    i.HAL_ADC_Init      stm32f1xx_hal_adc.o
    0x08000dc0   0x00000002   Code   RO          704    i.HAL_ADC_LevelOutOfWindowCallback  stm32f1xx_hal_adc.o
    0x08000dc2   0x00000002   PAD
    0x08000dc4   0x0000009c   Code   RO          574    i.HAL_ADC_MspInit   stm32f1xx_hal_msp.o
    0x08000e60   0x000000cc   Code   RO          711    i.HAL_ADC_Start_IT  stm32f1xx_hal_adc.o
    0x08000f2c   0x00000154   Code   RO         1348    i.HAL_DMA_IRQHandler  stm32f1xx_hal_dma.o
    0x08001080   0x0000005c   Code   RO         1349    i.HAL_DMA_Init      stm32f1xx_hal_dma.o
    0x080010dc   0x00000024   Code   RO          971    i.HAL_Delay         stm32f1xx_hal.o
    0x08001100   0x00000014   Code   RO         1685    i.HAL_FLASH_Lock    stm32f1xx_hal_flash.o
    0x08001114   0x00000028   Code   RO         1692    i.HAL_FLASH_Unlock  stm32f1xx_hal_flash.o
    0x0800113c   0x00000030   Code   RO          277    i.HAL_GPIO_EXTI_Callback  main.o
    0x0800116c   0x00000018   Code   RO         1278    i.HAL_GPIO_EXTI_IRQHandler  stm32f1xx_hal_gpio.o
    0x08001184   0x000001e0   Code   RO         1279    i.HAL_GPIO_Init     stm32f1xx_hal_gpio.o
    0x08001364   0x0000000a   Code   RO         1281    i.HAL_GPIO_ReadPin  stm32f1xx_hal_gpio.o
    0x0800136e   0x0000000a   Code   RO         1283    i.HAL_GPIO_WritePin  stm32f1xx_hal_gpio.o
    0x08001378   0x0000000c   Code   RO          975    i.HAL_GetTick       stm32f1xx_hal.o
    0x08001384   0x0000017c   Code   RO         1950    i.HAL_I2C_Init      stm32f1xx_hal_i2c.o
    0x08001500   0x0000012c   Code   RO         1963    i.HAL_I2C_Master_Transmit  stm32f1xx_hal_i2c.o
    0x0800162c   0x0000005c   Code   RO          576    i.HAL_I2C_MspInit   stm32f1xx_hal_msp.o
    0x08001688   0x00000010   Code   RO          981    i.HAL_IncTick       stm32f1xx_hal.o
    0x08001698   0x00000024   Code   RO          982    i.HAL_Init          stm32f1xx_hal.o
    0x080016bc   0x00000040   Code   RO          983    i.HAL_InitTick      stm32f1xx_hal.o
    0x080016fc   0x0000003c   Code   RO          577    i.HAL_MspInit       stm32f1xx_hal_msp.o
    0x08001738   0x0000001a   Code   RO         1439    i.HAL_NVIC_EnableIRQ  stm32f1xx_hal_cortex.o
    0x08001752   0x00000002   PAD
    0x08001754   0x00000040   Code   RO         1445    i.HAL_NVIC_SetPriority  stm32f1xx_hal_cortex.o
    0x08001794   0x00000024   Code   RO         1446    i.HAL_NVIC_SetPriorityGrouping  stm32f1xx_hal_cortex.o
    0x080017b8   0x000000ec   Code   RO         1242    i.HAL_RCCEx_PeriphCLKConfig  stm32f1xx_hal_rcc_ex.o
    0x080018a4   0x0000012c   Code   RO         1139    i.HAL_RCC_ClockConfig  stm32f1xx_hal_rcc.o
    0x080019d0   0x00000020   Code   RO         1146    i.HAL_RCC_GetPCLK1Freq  stm32f1xx_hal_rcc.o
    0x080019f0   0x0000006c   Code   RO         1148    i.HAL_RCC_GetSysClockFreq  stm32f1xx_hal_rcc.o
    0x08001a5c   0x00000320   Code   RO         1151    i.HAL_RCC_OscConfig  stm32f1xx_hal_rcc.o
    0x08001d7c   0x000000b2   Code   RO         2382    i.HAL_SPI_Init      stm32f1xx_hal_spi.o
    0x08001e2e   0x00000002   PAD
    0x08001e30   0x00000080   Code   RO          579    i.HAL_SPI_MspInit   stm32f1xx_hal_msp.o
    0x08001eb0   0x0000015a   Code   RO         2385    i.HAL_SPI_Receive   stm32f1xx_hal_spi.o
    0x0800200a   0x000001e2   Code   RO         2391    i.HAL_SPI_TransmitReceive  stm32f1xx_hal_spi.o
    0x080021ec   0x00000028   Code   RO         1450    i.HAL_SYSTICK_Config  stm32f1xx_hal_cortex.o
    0x08002214   0x00000068   Code   RO         3418    i.HAL_TIMEx_MasterConfigSynchronization  stm32f1xx_hal_tim_ex.o
    0x0800227c   0x0000005a   Code   RO         2695    i.HAL_TIM_Base_Init  stm32f1xx_hal_tim.o
    0x080022d6   0x00000002   PAD
    0x080022d8   0x0000003c   Code   RO          581    i.HAL_TIM_Base_MspInit  stm32f1xx_hal_msp.o
    0x08002314   0x00000050   Code   RO         2698    i.HAL_TIM_Base_Start  stm32f1xx_hal_tim.o
    0x08002364   0x000000d6   Code   RO         2704    i.HAL_TIM_ConfigClockSource  stm32f1xx_hal_tim.o
    0x0800243a   0x00000002   PAD
    0x0800243c   0x0000004c   Code   RO          582    i.HAL_TIM_MspPostInit  stm32f1xx_hal_msp.o
    0x08002488   0x000000c6   Code   RO         2767    i.HAL_TIM_PWM_ConfigChannel  stm32f1xx_hal_tim.o
    0x0800254e   0x0000005a   Code   RO         2770    i.HAL_TIM_PWM_Init  stm32f1xx_hal_tim.o
    0x080025a8   0x00000002   Code   RO         2772    i.HAL_TIM_PWM_MspInit  stm32f1xx_hal_tim.o
    0x080025aa   0x00000002   PAD
    0x080025ac   0x0000009c   Code   RO         2775    i.HAL_TIM_PWM_Start  stm32f1xx_hal_tim.o
    0x08002648   0x00000002   Code   RO          479    i.HardFault_Handler  stm32f1xx_it.o
    0x0800264a   0x0000002e   Code   RO         1992    i.I2C_IsAcknowledgeFailed  stm32f1xx_hal_i2c.o
    0x08002678   0x0000009c   Code   RO         1996    i.I2C_MasterRequestWrite  stm32f1xx_hal_i2c.o
    0x08002714   0x0000004c   Code   RO         2007    i.I2C_WaitOnBTFFlagUntilTimeout  stm32f1xx_hal_i2c.o
    0x08002760   0x00000068   Code   RO         2008    i.I2C_WaitOnFlagUntilTimeout  stm32f1xx_hal_i2c.o
    0x080027c8   0x00000096   Code   RO         2009    i.I2C_WaitOnMasterAddressFlagUntilTimeout  stm32f1xx_hal_i2c.o
    0x0800285e   0x0000004c   Code   RO         2011    i.I2C_WaitOnTXEFlagUntilTimeout  stm32f1xx_hal_i2c.o
    0x080028aa   0x00000002   PAD
    0x080028ac   0x00000094   Code   RO          278    i.Keypad_Read       main.o
    0x08002940   0x00000040   Code   RO          279    i.MX_ADC1_Init      main.o
    0x08002980   0x00000148   Code   RO          280    i.MX_GPIO_Init      main.o
    0x08002ac8   0x0000003c   Code   RO          281    i.MX_SPI1_Init      main.o
    0x08002b04   0x00000054   Code   RO          282    i.MX_TIM2_Init      main.o
    0x08002b58   0x00000084   Code   RO          283    i.MX_TIM3_Init      main.o
    0x08002bdc   0x00000002   Code   RO          480    i.MemManage_Handler  stm32f1xx_it.o
    0x08002bde   0x00000002   Code   RO          481    i.NMI_Handler       stm32f1xx_it.o
    0x08002be0   0x00000002   Code   RO          482    i.PendSV_Handler    stm32f1xx_it.o
    0x08002be2   0x0000005c   Code   RO         2419    i.SPI_EndRxTransaction  stm32f1xx_hal_spi.o
    0x08002c3e   0x00000020   Code   RO         2420    i.SPI_EndRxTxTransaction  stm32f1xx_hal_spi.o
    0x08002c5e   0x00000002   PAD
    0x08002c60   0x000000b8   Code   RO         2425    i.SPI_WaitFlagStateUntilTimeout  stm32f1xx_hal_spi.o
    0x08002d18   0x00000002   Code   RO          483    i.SVC_Handler       stm32f1xx_it.o
    0x08002d1a   0x00000004   Code   RO          484    i.SysTick_Handler   stm32f1xx_it.o
    0x08002d1e   0x00000060   Code   RO          284    i.SystemClock_Config  main.o
    0x08002d7e   0x00000002   Code   RO         3667    i.SystemInit        system_stm32f1xx.o
    0x08002d80   0x0000006c   Code   RO         2788    i.TIM_Base_SetConfig  stm32f1xx_hal_tim.o
    0x08002dec   0x0000001a   Code   RO         2789    i.TIM_CCxChannelCmd  stm32f1xx_hal_tim.o
    0x08002e06   0x00000014   Code   RO         2799    i.TIM_ETR_SetConfig  stm32f1xx_hal_tim.o
    0x08002e1a   0x00000010   Code   RO         2800    i.TIM_ITRx_SetConfig  stm32f1xx_hal_tim.o
    0x08002e2a   0x00000002   PAD
    0x08002e2c   0x00000050   Code   RO         2801    i.TIM_OC1_SetConfig  stm32f1xx_hal_tim.o
    0x08002e7c   0x00000058   Code   RO         2802    i.TIM_OC2_SetConfig  stm32f1xx_hal_tim.o
    0x08002ed4   0x00000058   Code   RO         2803    i.TIM_OC3_SetConfig  stm32f1xx_hal_tim.o
    0x08002f2c   0x00000044   Code   RO         2804    i.TIM_OC4_SetConfig  stm32f1xx_hal_tim.o
    0x08002f70   0x00000022   Code   RO         2806    i.TIM_TI1_ConfigInputStage  stm32f1xx_hal_tim.o
    0x08002f92   0x00000024   Code   RO         2808    i.TIM_TI2_ConfigInputStage  stm32f1xx_hal_tim.o
    0x08002fb6   0x00000002   Code   RO          485    i.UsageFault_Handler  stm32f1xx_it.o
    0x08002fb8   0x00000028   Code   RO         3943    i.__0sprintf        mc_w.l(printfa.o)
    0x08002fe0   0x00000020   Code   RO         1452    i.__NVIC_SetPriority  stm32f1xx_hal_cortex.o
    0x08003000   0x0000000e   Code   RO         4063    i.__scatterload_copy  mc_w.l(handlers.o)
    0x0800300e   0x00000002   Code   RO         4064    i.__scatterload_null  mc_w.l(handlers.o)
    0x08003010   0x0000000e   Code   RO         4065    i.__scatterload_zeroinit  mc_w.l(handlers.o)
    0x0800301e   0x00000002   PAD
    0x08003020   0x00000164   Code   RO         3948    i._fp_digits        mc_w.l(printfa.o)
    0x08003184   0x000006dc   Code   RO         3949    i._printf_core      mc_w.l(printfa.o)
    0x08003860   0x00000024   Code   RO         3950    i._printf_post_padding  mc_w.l(printfa.o)
    0x08003884   0x0000002e   Code   RO         3951    i._printf_pre_padding  mc_w.l(printfa.o)
    0x080038b2   0x0000000a   Code   RO         3953    i._sputc            mc_w.l(printfa.o)
    0x080038bc   0x0000001c   Code   RO          285    i.bufcl             main.o
    0x080038d8   0x00000016   Code   RO          288    i.delay             main.o
    0x080038ee   0x00000002   PAD
    0x080038f0   0x00000018   Code   RO          289    i.delay_1ms         main.o
    0x08003908   0x00000050   Code   RO         3969    i.free              mc_w.l(malloc.o)
    0x08003958   0x00000018   Code   RO          217    i.lcd_clear         i2c-lcd.o
    0x08003970   0x00000078   Code   RO          218    i.lcd_init          i2c-lcd.o
    0x080039e8   0x00000018   Code   RO          219    i.lcd_put_cur       i2c-lcd.o
    0x08003a00   0x00000040   Code   RO          220    i.lcd_send_cmd      i2c-lcd.o
    0x08003a40   0x00000040   Code   RO          221    i.lcd_send_data     i2c-lcd.o
    0x08003a80   0x00000014   Code   RO          222    i.lcd_send_string   i2c-lcd.o
    0x08003a94   0x0000019c   Code   RO          291    i.main              main.o
    0x08003c30   0x0000006c   Code   RO         3970    i.malloc            mc_w.l(malloc.o)
    0x08003c9c   0x00000018   Code   RO          293    i.millis            main.o
    0x08003cb4   0x00000010   Code   RO          294    i.millis_p          main.o
    0x08003cc4   0x000000f4   Code   RO          296    i.num_adc           main.o
    0x08003db8   0x00000368   Code   RO          297    i.num_read_fl       main.o
    0x08004120   0x000004fa   Code   RO          298    i.num_write_flash   main.o
    0x0800461a   0x00000002   PAD
    0x0800461c   0x00000020   Data   RO          302    .constdata          main.o
    0x0800463c   0x00000010   Data   RO         3668    .constdata          system_stm32f1xx.o
    0x0800464c   0x00000008   Data   RO         3669    .constdata          system_stm32f1xx.o
    0x08004654   0x00000020   Data   RO         4061    Region$$Table       anon$$obj.o


    Execution Region RW_IRAM1 (Base: 0x20000000, Size: 0x000007f8, Max: 0x00005000, ABSOLUTE)

    Base Addr    Size         Type   Attr      Idx    E Section Name        Object

    0x20000000   0x00000020   Data   RW          303    .data               main.o
    0x20000020   0x0000000c   Data   RW          989    .data               stm32f1xx_hal.o
    0x2000002c   0x00000004   Data   RW         3670    .data               system_stm32f1xx.o
    0x20000030   0x00000004   Data   RW         4036    .data               mc_w.l(mvars.o)
    0x20000034   0x00000004   Data   RW         4037    .data               mc_w.l(mvars.o)
    0x20000038   0x0000017c   Zero   RW          300    .bss                main.o
    0x200001b4   0x00000044   Zero   RW          301    .bss                main.o
    0x200001f8   0x00000200   Zero   RW            2    HEAP                startup_stm32f103xb.o
    0x200003f8   0x00000400   Zero   RW            1    STACK               startup_stm32f103xb.o


==============================================================================

Image component sizes


      Code (inc. data)   RO Data    RW Data    ZI Data      Debug   Object Name

       360         28          0          0          0     457791   flash.o
       316         12          0          0          0       3026   i2c-lcd.o
      3910        592         32         32        448      14689   main.o
        36          8        236          0       1536        808   startup_stm32f103xb.o
       164         28          0         12          0       5861   stm32f1xx_hal.o
      1188         44          0          0          0       6203   stm32f1xx_hal_adc.o
         2          0          0          0          0       1065   stm32f1xx_hal_adc_ex.o
       198         14          0          0          0      28595   stm32f1xx_hal_cortex.o
       432         32          0          0          0       1872   stm32f1xx_hal_dma.o
        60         18          0          0          0       1108   stm32f1xx_hal_flash.o
       524         40          0          0          0       3726   stm32f1xx_hal_gpio.o
      1288         32          0          0          0       7869   stm32f1xx_hal_i2c.o
       572         78          0          0          0       4229   stm32f1xx_hal_msp.o
      1240         88          0          0          0       4393   stm32f1xx_hal_rcc.o
       236         12          0          0          0       1336   stm32f1xx_hal_rcc_ex.o
      1314          4          0          0          0       5463   stm32f1xx_hal_spi.o
      1394         60          0          0          0      11973   stm32f1xx_hal_tim.o
       104         12          0          0          0       1280   stm32f1xx_hal_tim_ex.o
        56         12          0          0          0       5663   stm32f1xx_it.o
         2          0         24          4          0       1131   system_stm32f1xx.o

    ----------------------------------------------------------------------
     13424       1114        324         48       1984     568081   Object Totals
         0          0         32          0          0          0   (incl. Generated)
        28          0          0          0          0          0   (incl. Padding)

    ----------------------------------------------------------------------

      Code (inc. data)   RO Data    RW Data    ZI Data      Debug   Library Member Name

         0          0          0          0          0          0   entry.o
         0          0          0          0          0          0   entry10a.o
         0          0          0          0          0          0   entry11a.o
         8          4          0          0          0          0   entry2.o
         4          0          0          0          0          0   entry5.o
         0          0          0          0          0          0   entry7b.o
         0          0          0          0          0          0   entry8b.o
         8          4          0          0          0          0   entry9a.o
        30          0          0          0          0          0   handlers.o
        36          8          0          0          0         68   init.o
         0          0          0          0          0          0   iusefp.o
        30          0          0          0          0         68   llshl.o
        36          0          0          0          0         68   llsshr.o
        32          0          0          0          0         68   llushr.o
       188         20          0          0          0        160   malloc.o
        36          0          0          0          0        108   memseta.o
         0          0          0          8          0          0   mvars.o
      2244         86          0          0          0        512   printfa.o
        44          0          0          0          0         80   uidiv.o
        98          0          0          0          0         92   uldiv.o
        40          2          0          0          0         68   cdrcmple.o
        20          0          0          0          0         68   cfcmple.o
        20          0          0          0          0         68   cfrcmple.o
       334          0          0          0          0        148   dadd.o
       222          0          0          0          0        100   ddiv.o
       182          0          0          0          0        176   depilogue.o
        48          0          0          0          0         68   dfixul.o
       228          0          0          0          0         96   dmul.o
        38          0          0          0          0         68   f2d.o
       176          0          0          0          0        140   fadd.o
       110          0          0          0          0        168   fepilogue.o
        40          0          0          0          0         68   ffixui.o
        10          0          0          0          0         68   ffltui.o
        24          0          0          0          0         68   fscalb.o

    ----------------------------------------------------------------------
      4288        124          0          8          0       2596   Library Totals
         2          0          0          0          0          0   (incl. Padding)

    ----------------------------------------------------------------------

      Code (inc. data)   RO Data    RW Data    ZI Data      Debug   Library Name

      2794        122          0          8          0       1224   mc_w.l
      1492          2          0          0          0       1372   mf_w.l

    ----------------------------------------------------------------------
      4288        124          0          8          0       2596   Library Totals

    ----------------------------------------------------------------------

==============================================================================


      Code (inc. data)   RO Data    RW Data    ZI Data      Debug   

     17712       1238        324         56       1984     563757   Grand Totals
     17712       1238        324         56       1984     563757   ELF Image Totals
     17712       1238        324         56          0          0   ROM Totals

==============================================================================

    Total RO  Size (Code + RO Data)                18036 (  17.61kB)
    Total RW  Size (RW Data + ZI Data)              2040 (   1.99kB)
    Total ROM Size (Code + RO Data + RW Data)      18092 (  17.67kB)

==============================================================================

